Archive member included because of file (symbol)

./out/lib/drivers_ILI9341_bm.a(tm_stm32f4_fonts.o)
                              ./out/obj/botones.o (TM_Font_7x10)
./out/lib/drivers_ILI9341_bm.a(tm_stm32f4_ili9341.o)
                              ./out/obj/graphics.o (TM_ILI9341_Init)
./out/lib/drivers_ILI9341_bm.a(spi.o)
                              ./out/lib/drivers_ILI9341_bm.a(tm_stm32f4_ili9341.o) (Board_SSP_Init)
./out/lib/ext_drivers.a(gpio_18xx_43xx.o)
                              ./out/obj/botones.o (Chip_GPIO_Init)
./out/lib/ext_drivers.a(ssp_18xx_43xx.o)
                              ./out/lib/drivers_ILI9341_bm.a(spi.o) (Chip_SSP_WriteFrames_Blocking)
./out/lib/ext_drivers.a(cr_startup_lpc43xx.o)
                              (ResetISR)
./out/lib/ext_drivers.a(clock_18xx_43xx.o)
                              ./out/lib/ext_drivers.a(ssp_18xx_43xx.o) (Chip_Clock_Enable)
./out/lib/ext_drivers.a(sysinit.o)
                              ./out/lib/ext_drivers.a(clock_18xx_43xx.o) (ExtRateIn)
./out/lib/ext_drivers.a(fpu_init.o)
                              ./out/lib/ext_drivers.a(sysinit.o) (fpuInit)
./out/lib/ext_drivers.a(sysinit_18xx_43xx.o)
                              ./out/lib/ext_drivers.a(sysinit.o) (Chip_SystemInit)
./out/lib/drivers_bm.a(uart.o)
                              ./out/obj/main.o (init_UART_FTDI_EDUCIAA)
./out/lib/ext_drivers.a(uart_18xx_43xx.o)
                              ./out/lib/drivers_bm.a(uart.o) (Chip_UART_Init)
./out/lib/ext_drivers.a(ring_buffer.o)
                              ./out/lib/ext_drivers.a(uart_18xx_43xx.o) (RingBuffer_Insert)
c:/ciaa/cygwin/usr/arm-none-eabi/bin/../lib/gcc/arm-none-eabi/4.8.4/armv7e-m/softfp\libgcc.a(_aeabi_uldivmod.o)
                              ./out/lib/ext_drivers.a(uart_18xx_43xx.o) (__aeabi_uldivmod)
c:/ciaa/cygwin/usr/arm-none-eabi/bin/../lib/gcc/arm-none-eabi/4.8.4/armv7e-m/softfp\libgcc.a(bpabi.o)
                              c:/ciaa/cygwin/usr/arm-none-eabi/bin/../lib/gcc/arm-none-eabi/4.8.4/armv7e-m/softfp\libgcc.a(_aeabi_uldivmod.o) (__gnu_uldivmod_helper)
c:/ciaa/cygwin/usr/arm-none-eabi/bin/../lib/gcc/arm-none-eabi/4.8.4/armv7e-m/softfp\libgcc.a(_dvmd_tls.o)
                              c:/ciaa/cygwin/usr/arm-none-eabi/bin/../lib/gcc/arm-none-eabi/4.8.4/armv7e-m/softfp\libgcc.a(_aeabi_uldivmod.o) (__aeabi_ldiv0)
c:/ciaa/cygwin/usr/arm-none-eabi/bin/../lib/gcc/arm-none-eabi/4.8.4/armv7e-m/softfp\libgcc.a(_divdi3.o)
                              c:/ciaa/cygwin/usr/arm-none-eabi/bin/../lib/gcc/arm-none-eabi/4.8.4/armv7e-m/softfp\libgcc.a(bpabi.o) (__divdi3)
c:/ciaa/cygwin/usr/arm-none-eabi/bin/../lib/gcc/arm-none-eabi/4.8.4/armv7e-m/softfp\libgcc.a(_udivdi3.o)
                              c:/ciaa/cygwin/usr/arm-none-eabi/bin/../lib/gcc/arm-none-eabi/4.8.4/armv7e-m/softfp\libgcc.a(bpabi.o) (__udivdi3)
c:/ciaa/cygwin/usr/arm-none-eabi/bin/../lib/gcc/arm-none-eabi/4.8.4/../../../../arm-none-eabi/lib/armv7e-m/softfp\libc.a(lib_a-memcpy.o)
                              ./out/lib/ext_drivers.a(ring_buffer.o) (memcpy)
c:/ciaa/cygwin/usr/arm-none-eabi/bin/../lib/gcc/arm-none-eabi/4.8.4/../../../../arm-none-eabi/lib/armv7e-m/softfp\libc.a(lib_a-memset.o)
                              ./out/lib/ext_drivers.a(clock_18xx_43xx.o) (memset)
c:/ciaa/cygwin/usr/arm-none-eabi/bin/../lib/gcc/arm-none-eabi/4.8.4/../../../../arm-none-eabi/lib/armv7e-m/softfp\libc.a(lib_a-strlen.o)
                              ./out/obj/graphics.o (strlen)

Allocating common symbols
Common symbol       size              file

colors              0x400             ./out/obj/v_alleg.o
main_tecla          0x4               ./out/obj/main.o
sz53p_table         0x100             ./out/obj/z80.o
gkey                0x4               ./out/obj/v_alleg.o
hay_tecla           0x4               ./out/obj/main.o
ILI9341_x           0x2               ./out/lib/drivers_ILI9341_bm.a(tm_stm32f4_ili9341.o)
frame_counter       0x4               ./out/obj/main.o
fila                0x64              ./out/obj/v_alleg.o
parity_table        0x100             ./out/obj/z80.o
last_fps            0x4               ./out/obj/main.o
ioblock_2_table     0x100             ./out/obj/z80.o
ILI9341_Opts        0x6               ./out/lib/drivers_ILI9341_bm.a(tm_stm32f4_ili9341.o)
mem                 0x128             ./out/obj/mem.o
ioblock_inc1_table  0x40              ./out/obj/z80.o
ioblock_dec1_table  0x40              ./out/obj/z80.o
target_cycle        0x4               ./out/obj/main.o
sz53_table          0x100             ./out/obj/z80.o
ILI9341_y           0x2               ./out/lib/drivers_ILI9341_bm.a(tm_stm32f4_ili9341.o)
spectrumZ80         0x48              ./out/obj/main.o

Discarded input sections

 .group         0x00000000        0x8 ./out/obj/z80.o
 .group         0x00000000        0x8 ./out/obj/z80.o
 .group         0x00000000        0x8 ./out/obj/z80.o
 .group         0x00000000        0x8 ./out/obj/z80.o
 .group         0x00000000        0x8 ./out/obj/z80.o
[...]
Memory Configuration

Name             Origin             Length             Attributes
MFlashA512       0x1a000000         0x00080000         xr
MFlashB512       0x1b000000         0x00080000         xr
RamLoc32         0x10000000         0x00008000         xrw
RamLoc40         0x10080000         0x0000a000         xrw
RamAHB32         0x20000000         0x00008000         xrw
RamAHB16         0x20008000         0x00004000         xrw
RamAHB_ETB16     0x2000c000         0x00004000         xrw
*default*        0x00000000         0xffffffff

Linker script and memory map

LOAD ./out/obj/z80.o
LOAD ./out/obj/v_alleg.o
LOAD ./out/obj/graphics.o
LOAD ./out/obj/vector.o
LOAD ./out/obj/botones.o
LOAD ./out/obj/main.o
LOAD ./out/obj/mem.o
LOAD ./out/obj/crp.o
START GROUP
LOAD ./out/lib/drivers_ILI9341_bm.a
LOAD ./out/lib/ext_drivers.a
LOAD ./out/lib/drivers_bm.a
LOAD ./out/lib/ext_drivers.a
LOAD ./out/lib/ext_base.a
END GROUP
START GROUP
LOAD c:/ciaa/cygwin/usr/arm-none-eabi/bin/../lib/gcc/arm-none-eabi/4.8.4/armv7e-m/softfp\libgcc.a
LOAD c:/ciaa/cygwin/usr/arm-none-eabi/bin/../lib/gcc/arm-none-eabi/4.8.4/../../../../arm-none-eabi/lib/armv7e-m/softfp\libc.a
LOAD c:/ciaa/cygwin/usr/arm-none-eabi/bin/../lib/gcc/arm-none-eabi/4.8.4/../../../../arm-none-eabi/lib/armv7e-m/softfp\libm.a
END GROUP
                0x1a080000                __top_MFlashA512 = 0x1a080000
                0x1b080000                __top_MFlashB512 = 0x1b080000
                0x10008000                __top_RamLoc32 = 0x10008000
                0x1008a000                __top_RamLoc40 = 0x1008a000
                0x20008000                __top_RamAHB32 = 0x20008000
                0x2000c000                __top_RamAHB16 = 0x2000c000
                0x20010000                __top_RamAHB_ETB16 = 0x20010000

.text_Flash2    0x1b000000        0x0
 FILL mask 0xff
 *(.text_Flash2*)
 *(.text_MFlashB512*)
 *(.text.$Flash2*)
 *(.text.$MFlashB512*)
 *(.rodata.$Flash2*)
 *(.rodata.$MFlashB512*)

.text           0x1a000000    0x356d0
 FILL mask 0xff
                0x1a000000                __vectors_start__ = ABSOLUTE (.)
 *(.isr_vector)
 .isr_vector    0x1a000000      0x114 ./out/obj/vector.o
                0x1a000000                g_pfnVectors
                0x1a000114                . = ALIGN (0x4)
                0x1a000114                __section_table_start = .
                0x1a000114                __data_section_table = .
                0x1a000114        0x4 LONG 0x1a0356d0 LOADADDR (.data)
                0x1a000118        0x4 LONG 0x10000000 ADDR (.data)
                0x1a00011c        0x4 LONG 0xe4 SIZEOF (.data)
                0x1a000120        0x4 LONG 0x1a0356d0 LOADADDR (.data_RAM2)
                0x1a000124        0x4 LONG 0x10080000 ADDR (.data_RAM2)
                0x1a000128        0x4 LONG 0x0 SIZEOF (.data_RAM2)
                0x1a00012c        0x4 LONG 0x1a0356d0 LOADADDR (.data_RAM3)
                0x1a000130        0x4 LONG 0x20000000 ADDR (.data_RAM3)
                0x1a000134        0x4 LONG 0x0 SIZEOF (.data_RAM3)
                0x1a000138        0x4 LONG 0x1a0356d0 LOADADDR (.data_RAM4)
                0x1a00013c        0x4 LONG 0x20008000 ADDR (.data_RAM4)
                0x1a000140        0x4 LONG 0x0 SIZEOF (.data_RAM4)
                0x1a000144        0x4 LONG 0x1a0356d0 LOADADDR (.data_RAM5)
                0x1a000148        0x4 LONG 0x2000c000 ADDR (.data_RAM5)
                0x1a00014c        0x4 LONG 0x0 SIZEOF (.data_RAM5)
                0x1a000150                __data_section_table_end = .
                0x1a000150                __bss_section_table = .
                0x1a000150        0x4 LONG 0x100000e4 ADDR (.bss)
                0x1a000154        0x4 LONG 0xa94 SIZEOF (.bss)
                0x1a000158        0x4 LONG 0x10080000 ADDR (.bss_RAM2)
                0x1a00015c        0x4 LONG 0x0 SIZEOF (.bss_RAM2)
                0x1a000160        0x4 LONG 0x20000000 ADDR (.bss_RAM3)
                0x1a000164        0x4 LONG 0x0 SIZEOF (.bss_RAM3)
                0x1a000168        0x4 LONG 0x20008000 ADDR (.bss_RAM4)
                0x1a00016c        0x4 LONG 0x0 SIZEOF (.bss_RAM4)
                0x1a000170        0x4 LONG 0x2000c000 ADDR (.bss_RAM5)
                0x1a000174        0x4 LONG 0x0 SIZEOF (.bss_RAM5)
                0x1a000178                __bss_section_table_end = .
                0x1a000178                __section_table_end = .
 *(.after_vectors*)
 .after_vectors
                0x1a000178       0x54 ./out/obj/vector.o
 .after_vectors
                0x1a0001cc       0x7c ./out/lib/ext_drivers.a(cr_startup_lpc43xx.o)
                0x1a0001cc                data_init
                0x1a000210                bss_init
                0x000002fc                . = 0x2fc
 *fill*         0x1a000248       0xb4 ff
                0x1a0002fc                PROVIDE (__CRP_WORD_START__, .)
 *(.crp)
 .crp           0x1a0002fc        0x4 ./out/obj/crp.o
                0x1a0002fc                CRP_WORD
                0x1a000300                PROVIDE (__CRP_WORD_END__, .)
                0x00000001                ASSERT (! ((__CRP_WORD_START__ == __CRP_WORD_END__)), Linker CRP Enabled, but no CRP_WORD provided within application)
 *(.text*)
 .text.Z80WriteMem
                0x1a000300       0x24 ./out/obj/z80.o
                0x1a000300                Z80WriteMem
 .text.Z80Reset
                0x1a000324       0xe0 ./out/obj/z80.o
                0x1a000324                Z80Reset
 .text.Z80Run   0x1a000404    0x10b50 ./out/obj/z80.o
                0x1a000404                Z80Run
 .text.Z80Interrupt
                0x1a010f54       0xf0 ./out/obj/z80.o
                0x1a010f54                Z80Interrupt
 .text.Z80Patch
                0x1a011044        0xc ./out/obj/z80.o
                0x1a011044                Z80Patch
 .text.Z80MemRead
                0x1a011050       0x1c ./out/obj/z80.o
                0x1a011050                Z80MemRead
 .text.Z80InPort
                0x1a01106c       0xf0 ./out/obj/z80.o
                0x1a01106c                Z80InPort
 .text.Z80OutPort
                0x1a01115c       0x20 ./out/obj/z80.o
                0x1a01115c                Z80OutPort
 .text.Z80FlagTables
                0x1a01117c       0xc0 ./out/obj/z80.o
                0x1a01117c                Z80FlagTables
 .text.load_sna
                0x1a01123c      0x29c ./out/obj/z80.o
                0x1a01123c                load_sna
 .text.init_keyboard
                0x1a0114d8       0x50 ./out/obj/v_alleg.o
                0x1a0114d8                init_keyboard
 .text.UpdateKeyboard
                0x1a011528      0x32c ./out/obj/v_alleg.o
                0x1a011528                UpdateKeyboard
 .text.DisplayScreenDiff
                0x1a011854       0xc8 ./out/obj/graphics.o
                0x1a011854                DisplayScreenDiff
 .text.displayscanlineDiff
                0x1a01191c      0x34c ./out/obj/graphics.o
                0x1a01191c                displayscanlineDiff
 .text.displayborderscanline
                0x1a011c68       0x3c ./out/obj/graphics.o
                0x1a011c68                displayborderscanline
 .text.ClearScreen
                0x1a011ca4       0x20 ./out/obj/graphics.o
                0x1a011ca4                ClearScreen
 .text.Chip_SCU_PinMuxSet
                0x1a011cc4       0x30 ./out/obj/botones.o
 .text.Chip_SCU_PinMux
                0x1a011cf4       0x2c ./out/obj/botones.o
 .text.Chip_GPIO_ReadPortBit
                0x1a011d20       0x34 ./out/obj/botones.o
 .text.Chip_GPIO_SetPinOutHigh
                0x1a011d54       0x30 ./out/obj/botones.o
 .text.Inicializar_Botones
                0x1a011d84       0xc0 ./out/obj/botones.o
                0x1a011d84                Inicializar_Botones
 .text.Prender_Led
                0x1a011e44       0x14 ./out/obj/botones.o
                0x1a011e44                Prender_Led
 .text.UpdateBotonesOpcion1
                0x1a011e58       0x7c ./out/obj/botones.o
                0x1a011e58                UpdateBotonesOpcion1
 .text.UpdateBotonesOpcion2
                0x1a011ed4       0x7c ./out/obj/botones.o
                0x1a011ed4                UpdateBotonesOpcion2
 .text.Menu     0x1a011f50       0xf8 ./out/obj/botones.o
                0x1a011f50                Menu
 .text.Chip_GPIO_ReadPortBit
                0x1a012048       0x34 ./out/obj/main.o
 .text.Z80Initialization
                0x1a01207c       0x30 ./out/obj/main.o
                0x1a01207c                Z80Initialization
 .text.main     0x1a0120ac      0x294 ./out/obj/main.o
                0x1a0120ac                main
 .text.readmem  0x1a012340       0x60 ./out/obj/mem.o
                0x1a012340                readmem
 .text.writemem
                0x1a0123a0       0x4c ./out/obj/mem.o
                0x1a0123a0                writemem
 .text.init_spectrum
                0x1a0123ec       0x10 ./out/obj/mem.o
                0x1a0123ec                init_spectrum
 .text.init_48k
                0x1a0123fc      0x194 ./out/obj/mem.o
                0x1a0123fc                init_48k
 .text.Chip_SCU_PinMuxSet
                0x1a012590       0x30 ./out/lib/drivers_ILI9341_bm.a(tm_stm32f4_ili9341.o)
 .text.Chip_SCU_PinMux
                0x1a0125c0       0x2c ./out/lib/drivers_ILI9341_bm.a(tm_stm32f4_ili9341.o)
 .text.Chip_GPIO_SetValue
                0x1a0125ec       0x28 ./out/lib/drivers_ILI9341_bm.a(tm_stm32f4_ili9341.o)
 .text.Chip_GPIO_ClearValue
                0x1a012614       0x28 ./out/lib/drivers_ILI9341_bm.a(tm_stm32f4_ili9341.o)
 .text.TM_ILI9341_Init
                0x1a01263c       0xb0 ./out/lib/drivers_ILI9341_bm.a(tm_stm32f4_ili9341.o)
                0x1a01263c                TM_ILI9341_Init
 .text.TM_ILI9341_InitLCD
                0x1a0126ec      0x274 ./out/lib/drivers_ILI9341_bm.a(tm_stm32f4_ili9341.o)
                0x1a0126ec                TM_ILI9341_InitLCD
 .text.TM_ILI9341_SendCommand
                0x1a012960       0x40 ./out/lib/drivers_ILI9341_bm.a(tm_stm32f4_ili9341.o)
                0x1a012960                TM_ILI9341_SendCommand
 .text.TM_ILI9341_SendData
                0x1a0129a0       0x40 ./out/lib/drivers_ILI9341_bm.a(tm_stm32f4_ili9341.o)
                0x1a0129a0                TM_ILI9341_SendData
 .text.TM_ILI9341_DrawPixel
                0x1a0129e0       0x40 ./out/lib/drivers_ILI9341_bm.a(tm_stm32f4_ili9341.o)
                0x1a0129e0                TM_ILI9341_DrawPixel
 .text.TM_ILI9341_SetCursorPosition
                0x1a012a20       0x80 ./out/lib/drivers_ILI9341_bm.a(tm_stm32f4_ili9341.o)
                0x1a012a20                TM_ILI9341_SetCursorPosition
 .text.TM_ILI9341_Fill
                0x1a012aa0       0x2c ./out/lib/drivers_ILI9341_bm.a(tm_stm32f4_ili9341.o)
                0x1a012aa0                TM_ILI9341_Fill
 .text.TM_ILI9341_INT_Fill
                0x1a012acc       0x98 ./out/lib/drivers_ILI9341_bm.a(tm_stm32f4_ili9341.o)
                0x1a012acc                TM_ILI9341_INT_Fill
 .text.TM_ILI9341_Delay
                0x1a012b64       0x20 ./out/lib/drivers_ILI9341_bm.a(tm_stm32f4_ili9341.o)
                0x1a012b64                TM_ILI9341_Delay
 .text.TM_ILI9341_Rotate
                0x1a012b84       0x88 ./out/lib/drivers_ILI9341_bm.a(tm_stm32f4_ili9341.o)
                0x1a012b84                TM_ILI9341_Rotate
 .text.TM_ILI9341_Puts
                0x1a012c0c       0xb4 ./out/lib/drivers_ILI9341_bm.a(tm_stm32f4_ili9341.o)
                0x1a012c0c                TM_ILI9341_Puts
 .text.TM_ILI9341_Putc
                0x1a012cc0      0x12c ./out/lib/drivers_ILI9341_bm.a(tm_stm32f4_ili9341.o)
                0x1a012cc0                TM_ILI9341_Putc
 .text.TM_ILI9341_DrawLine
                0x1a012dec      0x174 ./out/lib/drivers_ILI9341_bm.a(tm_stm32f4_ili9341.o)
                0x1a012dec                TM_ILI9341_DrawLine
 .text.Chip_SCU_PinMuxSet
                0x1a012f60       0x30 ./out/lib/drivers_ILI9341_bm.a(spi.o)
 .text.Chip_SSP_Enable
                0x1a012f90       0x20 ./out/lib/drivers_ILI9341_bm.a(spi.o)
 .text.Chip_SSP_SetFormat
                0x1a012fb0       0x30 ./out/lib/drivers_ILI9341_bm.a(spi.o)
 .text.Board_SSP_Init
                0x1a012fe0       0x24 ./out/lib/drivers_ILI9341_bm.a(spi.o)
                0x1a012fe0                Board_SSP_Init
 .text.Board_SSP_config
                0x1a013004       0x90 ./out/lib/drivers_ILI9341_bm.a(spi.o)
                0x1a013004                Board_SSP_config
 .text.write_spi_XXh
                0x1a013094       0x28 ./out/lib/drivers_ILI9341_bm.a(spi.o)
                0x1a013094                write_spi_XXh
 .text.Chip_GPIO_Init
                0x1a0130bc       0x14 ./out/lib/ext_drivers.a(gpio_18xx_43xx.o)
                0x1a0130bc                Chip_GPIO_Init
 .text.Chip_GPIO_SetDir
                0x1a0130d0       0x5c ./out/lib/ext_drivers.a(gpio_18xx_43xx.o)
                0x1a0130d0                Chip_GPIO_SetDir
 .text.Chip_SSP_GetStatus
                0x1a01312c       0x2c ./out/lib/ext_drivers.a(ssp_18xx_43xx.o)
 .text.Chip_SSP_GetRawIntStatus
                0x1a013158       0x2c ./out/lib/ext_drivers.a(ssp_18xx_43xx.o)
 .text.Chip_SSP_GetDataSize
                0x1a013184       0x20 ./out/lib/ext_drivers.a(ssp_18xx_43xx.o)
 .text.Chip_SSP_ClearIntPending
                0x1a0131a4       0x1c ./out/lib/ext_drivers.a(ssp_18xx_43xx.o)
 .text.Chip_SSP_ReceiveFrame
                0x1a0131c0       0x1c ./out/lib/ext_drivers.a(ssp_18xx_43xx.o)
 .text.Chip_SSP_SendFrame
                0x1a0131dc       0x1c ./out/lib/ext_drivers.a(ssp_18xx_43xx.o)
 .text.Chip_SSP_SetFormat
                0x1a0131f8       0x30 ./out/lib/ext_drivers.a(ssp_18xx_43xx.o)
 .text.Chip_SSP_Set_Mode
                0x1a013228       0x24 ./out/lib/ext_drivers.a(ssp_18xx_43xx.o)
 .text.Chip_SSP_GetClockIndex
                0x1a01324c       0x2c ./out/lib/ext_drivers.a(ssp_18xx_43xx.o)
 .text.Chip_SSP_GetPeriphClockIndex
                0x1a013278       0x30 ./out/lib/ext_drivers.a(ssp_18xx_43xx.o)
 .text.Chip_SSP_SetClockRate
                0x1a0132a8       0x34 ./out/lib/ext_drivers.a(ssp_18xx_43xx.o)
                0x1a0132a8                Chip_SSP_SetClockRate
 .text.Chip_SSP_WriteFrames_Blocking
                0x1a0132dc      0x138 ./out/lib/ext_drivers.a(ssp_18xx_43xx.o)
                0x1a0132dc                Chip_SSP_WriteFrames_Blocking
 .text.Chip_SSP_SetBitRate
                0x1a013414       0x74 ./out/lib/ext_drivers.a(ssp_18xx_43xx.o)
                0x1a013414                Chip_SSP_SetBitRate
 .text.Chip_SSP_Init
                0x1a013488       0x4c ./out/lib/ext_drivers.a(ssp_18xx_43xx.o)
                0x1a013488                Chip_SSP_Init
 .text.ResetISR
                0x1a0134d4       0xe4 ./out/lib/ext_drivers.a(cr_startup_lpc43xx.o)
                0x1a0134d4                ResetISR
 .text.ABS      0x1a0135b8       0x24 ./out/lib/ext_drivers.a(clock_18xx_43xx.o)
 .text.pll_calc_divs
                0x1a0135dc      0x11c ./out/lib/ext_drivers.a(clock_18xx_43xx.o)
 .text.pll_get_frac
                0x1a0136f8      0x178 ./out/lib/ext_drivers.a(clock_18xx_43xx.o)
 .text.Chip_Clock_GetDivRate
                0x1a013870       0x40 ./out/lib/ext_drivers.a(clock_18xx_43xx.o)
 .text.Chip_Clock_FindBaseClock
                0x1a0138b0       0x88 ./out/lib/ext_drivers.a(clock_18xx_43xx.o)
 .text.Chip_Clock_EnableCrystal
                0x1a013938       0x6c ./out/lib/ext_drivers.a(clock_18xx_43xx.o)
                0x1a013938                Chip_Clock_EnableCrystal
 .text.Chip_Clock_CalcMainPLLValue
                0x1a0139a4       0xd4 ./out/lib/ext_drivers.a(clock_18xx_43xx.o)
                0x1a0139a4                Chip_Clock_CalcMainPLLValue
 .text.Chip_Clock_GetMainPLLHz
                0x1a013a78       0xc0 ./out/lib/ext_drivers.a(clock_18xx_43xx.o)
                0x1a013a78                Chip_Clock_GetMainPLLHz
 .text.Chip_Clock_GetDividerSource
                0x1a013b38       0x40 ./out/lib/ext_drivers.a(clock_18xx_43xx.o)
                0x1a013b38                Chip_Clock_GetDividerSource
 .text.Chip_Clock_GetDividerDivisor
                0x1a013b78       0x38 ./out/lib/ext_drivers.a(clock_18xx_43xx.o)
                0x1a013b78                Chip_Clock_GetDividerDivisor
 .text.Chip_Clock_GetClockInputHz
                0x1a013bb0      0x140 ./out/lib/ext_drivers.a(clock_18xx_43xx.o)
                0x1a013bb0                Chip_Clock_GetClockInputHz
 .text.Chip_Clock_GetBaseClocktHz
                0x1a013cf0       0x24 ./out/lib/ext_drivers.a(clock_18xx_43xx.o)
                0x1a013cf0                Chip_Clock_GetBaseClocktHz
 .text.Chip_Clock_SetBaseClock
                0x1a013d14       0x8c ./out/lib/ext_drivers.a(clock_18xx_43xx.o)
                0x1a013d14                Chip_Clock_SetBaseClock
 .text.Chip_Clock_GetBaseClock
                0x1a013da0       0x4c ./out/lib/ext_drivers.a(clock_18xx_43xx.o)
                0x1a013da0                Chip_Clock_GetBaseClock
 .text.Chip_Clock_EnableOpts
                0x1a013dec       0x7c ./out/lib/ext_drivers.a(clock_18xx_43xx.o)
                0x1a013dec                Chip_Clock_EnableOpts
 .text.Chip_Clock_Enable
                0x1a013e68       0x60 ./out/lib/ext_drivers.a(clock_18xx_43xx.o)
                0x1a013e68                Chip_Clock_Enable
 .text.Chip_Clock_GetRate
                0x1a013ec8       0x88 ./out/lib/ext_drivers.a(clock_18xx_43xx.o)
                0x1a013ec8                Chip_Clock_GetRate
 .text.SystemInit
                0x1a013f50       0x1c ./out/lib/ext_drivers.a(sysinit.o)
                0x1a013f50                SystemInit
 .text.fpuInit  0x1a013f6c       0x74 ./out/lib/ext_drivers.a(fpu_init.o)
                0x1a013f6c                fpuInit
 .text.Chip_Clock_DisableMainPLL
                0x1a013fe0       0x1c ./out/lib/ext_drivers.a(sysinit_18xx_43xx.o)
 .text.Chip_Clock_SetupMainPLL
                0x1a013ffc       0x40 ./out/lib/ext_drivers.a(sysinit_18xx_43xx.o)
 .text.Chip_Clock_MainPLLLocked
                0x1a01403c       0x24 ./out/lib/ext_drivers.a(sysinit_18xx_43xx.o)
 .text.Chip_SetupCoreClock
                0x1a014060      0x15c ./out/lib/ext_drivers.a(sysinit_18xx_43xx.o)
                0x1a014060                Chip_SetupCoreClock
 .text.Chip_SetupIrcClocking
                0x1a0141bc       0x14 ./out/lib/ext_drivers.a(sysinit_18xx_43xx.o)
                0x1a0141bc                Chip_SetupIrcClocking
 .text.Chip_SystemInit
                0x1a0141d0        0xc ./out/lib/ext_drivers.a(sysinit_18xx_43xx.o)
                0x1a0141d0                Chip_SystemInit
 .text.Chip_SCU_PinMuxSet
                0x1a0141dc       0x30 ./out/lib/drivers_bm.a(uart.o)
 .text.Chip_SCU_PinMux
                0x1a01420c       0x2c ./out/lib/drivers_bm.a(uart.o)
 .text.Chip_UART_TXEnable
                0x1a014238       0x18 ./out/lib/drivers_bm.a(uart.o)
 .text.Chip_UART_SetupFIFOS
                0x1a014250       0x1c ./out/lib/drivers_bm.a(uart.o)
 .text.init_UART_FTDI_EDUCIAA
                0x1a01426c       0x44 ./out/lib/drivers_bm.a(uart.o)
                0x1a01426c                init_UART_FTDI_EDUCIAA
 .text.Chip_UART_TXDisable
                0x1a0142b0       0x18 ./out/lib/ext_drivers.a(uart_18xx_43xx.o)
 .text.Chip_UART_SetupFIFOS
                0x1a0142c8       0x1c ./out/lib/ext_drivers.a(uart_18xx_43xx.o)
 .text.Chip_UART_ConfigData
                0x1a0142e4       0x1c ./out/lib/ext_drivers.a(uart_18xx_43xx.o)
 .text.Chip_UART_EnableDivisorAccess
                0x1a014300       0x20 ./out/lib/ext_drivers.a(uart_18xx_43xx.o)
 .text.Chip_UART_DisableDivisorAccess
                0x1a014320       0x20 ./out/lib/ext_drivers.a(uart_18xx_43xx.o)
 .text.Chip_UART_SetDivisorLatches
                0x1a014340       0x28 ./out/lib/ext_drivers.a(uart_18xx_43xx.o)
 .text.Chip_UART_GetIndex
                0x1a014368       0x60 ./out/lib/ext_drivers.a(uart_18xx_43xx.o)
 .text.Chip_UART_Init
                0x1a0143c8       0x84 ./out/lib/ext_drivers.a(uart_18xx_43xx.o)
                0x1a0143c8                Chip_UART_Init
 .text.Chip_UART_SetBaud
                0x1a01444c       0x70 ./out/lib/ext_drivers.a(uart_18xx_43xx.o)
                0x1a01444c                Chip_UART_SetBaud
 .text.memset   0x1a0144bc       0x94 c:/ciaa/cygwin/usr/arm-none-eabi/bin/../lib/gcc/arm-none-eabi/4.8.4/../../../../arm-none-eabi/lib/armv7e-m/softfp\libc.a(lib_a-memset.o)
                0x1a0144bc                memset
 *(.rodata .rodata.* .constdata .constdata.*)
 .rodata.snafile
                0x1a014550     0xc01c ./out/obj/z80.o
 .rodata.snafileB
                0x1a02056c     0xc01c ./out/obj/z80.o
 .rodata        0x1a02c588       0x48 ./out/obj/botones.o
 .rodata.spectrum_rom
                0x1a02c5d0     0x4000 ./out/obj/mem.o
 .rodata.TM_Font7x10
                0x1a0305d0      0xed8 ./out/lib/drivers_ILI9341_bm.a(tm_stm32f4_fonts.o)
                0x1a0305d0                TM_Font7x10
 .rodata.TM_Font11x18
                0x1a0314a8     0x1ab8 ./out/lib/drivers_ILI9341_bm.a(tm_stm32f4_fonts.o)
                0x1a0314a8                TM_Font11x18
 .rodata.TM_Font16x26
                0x1a032f60     0x2698 ./out/lib/drivers_ILI9341_bm.a(tm_stm32f4_fonts.o)
                0x1a032f60                TM_Font16x26
 .rodata.periph_to_base
                0x1a0355f8       0x6c ./out/lib/ext_drivers.a(clock_18xx_43xx.o)
 .rodata        0x1a035664        0xc ./out/lib/ext_drivers.a(clock_18xx_43xx.o)
 .rodata.ExtRateIn
                0x1a035670        0x4 ./out/lib/ext_drivers.a(sysinit.o)
                0x1a035670                ExtRateIn
 .rodata.OscRateIn
                0x1a035674        0x4 ./out/lib/ext_drivers.a(sysinit.o)
                0x1a035674                OscRateIn
 .rodata.InitClkStates
                0x1a035678       0x48 ./out/lib/ext_drivers.a(sysinit_18xx_43xx.o)
 .rodata.UART_PClock
                0x1a0356c0        0x8 ./out/lib/ext_drivers.a(uart_18xx_43xx.o)
 .rodata.UART_BClock
                0x1a0356c8        0x8 ./out/lib/ext_drivers.a(uart_18xx_43xx.o)
                0x1a0356d0                . = ALIGN (0x4)

.glue_7         0x1a0356d0        0x0
 .glue_7        0x00000000        0x0 linker stubs

.glue_7t        0x1a0356d0        0x0
 .glue_7t       0x00000000        0x0 linker stubs

.vfp11_veneer   0x1a0356d0        0x0
 .vfp11_veneer  0x00000000        0x0 linker stubs

.v4_bx          0x1a0356d0        0x0
 .v4_bx         0x00000000        0x0 linker stubs

.iplt           0x1a0356d0        0x0
 .iplt          0x00000000        0x0 ./out/obj/z80.o

.rel.dyn        0x1a0356d0        0x0
 .rel.iplt      0x00000000        0x0 ./out/obj/z80.o

.ARM.extab
 *(.ARM.extab* .gnu.linkonce.armextab.*)
                0x1a0356d0                __exidx_start = .

.ARM.exidx
 *(.ARM.exidx* .gnu.linkonce.armexidx.*)
                0x1a0356d0                __exidx_end = .
                0x1a0356d0                _etext = .

.data_RAM2      0x10080000        0x0 load address 0x1a0356d0
 FILL mask 0xff
 *(.ramfunc.$RAM2)
 *(.ramfunc.$RamLoc40)
 *(.data.$RAM2*)
 *(.data.$RamLoc40*)
                0x10080000                . = ALIGN (0x4)

.data_RAM3      0x20000000        0x0 load address 0x1a0356d0
 FILL mask 0xff
 *(.ramfunc.$RAM3)
 *(.ramfunc.$RamAHB32)
 *(.data.$RAM3*)
 *(.data.$RamAHB32*)
                0x20000000                . = ALIGN (0x4)

.data_RAM4      0x20008000        0x0 load address 0x1a0356d0
 FILL mask 0xff
 *(.ramfunc.$RAM4)
 *(.ramfunc.$RamAHB16)
 *(.data.$RAM4*)
 *(.data.$RamAHB16*)
                0x20008000                . = ALIGN (0x4)

.data_RAM5      0x2000c000        0x0 load address 0x1a0356d0
 FILL mask 0xff
 *(.ramfunc.$RAM5)
 *(.ramfunc.$RamAHB_ETB16)
 *(.data.$RAM5*)
 *(.data.$RamAHB_ETB16*)
                0x2000c000                . = ALIGN (0x4)

.uninit_RESERVED
                0x10000000        0x0
 *(.bss.$RESERVED*)
                0x10000000                . = ALIGN (0x4)
                0x10000000                _end_uninit_RESERVED = .

.data           0x10000000       0xe4 load address 0x1a0356d0
 FILL mask 0xff
                0x10000000                _data = .
 *(vtable)
 *(.ramfunc*)
 *(.data*)
 .data.halfcarry_add_table
                0x10000000        0x8 ./out/obj/z80.o
                0x10000000                halfcarry_add_table
 .data.halfcarry_sub_table
                0x10000008        0x8 ./out/obj/z80.o
                0x10000008                halfcarry_sub_table
 .data.overflow_add_table
                0x10000010        0x8 ./out/obj/z80.o
                0x10000010                overflow_add_table
 .data.overflow_sub_table
                0x10000018        0x8 ./out/obj/z80.o
                0x10000018                overflow_sub_table
 .data.paletaILI
                0x10000020       0x40 ./out/obj/graphics.o
 .data.f_flash.10613
                0x10000060        0x4 ./out/obj/graphics.o
 .data.hwopt    0x10000064       0x5c ./out/obj/main.o
                0x10000064                hwopt
 .data.v_res    0x100000c0        0x4 ./out/obj/main.o
                0x100000c0                v_res
 .data.v_border
                0x100000c4        0x4 ./out/obj/main.o
                0x100000c4                v_border
 .data.f_flash.10738
                0x100000c8        0x4 ./out/obj/main.o
 .data.TM_Font_7x10
                0x100000cc        0x8 ./out/lib/drivers_ILI9341_bm.a(tm_stm32f4_fonts.o)
                0x100000cc                TM_Font_7x10
 .data.TM_Font_11x18
                0x100000d4        0x8 ./out/lib/drivers_ILI9341_bm.a(tm_stm32f4_fonts.o)
                0x100000d4                TM_Font_11x18
 .data.TM_Font_16x26
                0x100000dc        0x8 ./out/lib/drivers_ILI9341_bm.a(tm_stm32f4_fonts.o)
                0x100000dc                TM_Font_16x26
                0x100000e4                . = ALIGN (0x4)
                0x100000e4                _edata = .

.igot.plt       0x100000e4        0x0 load address 0x1a0357b4
 .igot.plt      0x00000000        0x0 ./out/obj/z80.o

.bss_RAM2       0x10080000        0x0
 *(.bss.$RAM2*)
 *(.bss.$RamLoc40*)
                0x10080000                . = ALIGN (0x4)

.bss_RAM3       0x20000000        0x0
 *(.bss.$RAM3*)
 *(.bss.$RamAHB32*)
                0x20000000                . = ALIGN (0x4)

.bss_RAM4       0x20008000        0x0
 *(.bss.$RAM4*)
 *(.bss.$RamAHB16*)
                0x20008000                . = ALIGN (0x4)

.bss_RAM5       0x2000c000        0x0
 *(.bss.$RAM5*)
 *(.bss.$RamAHB_ETB16*)
                0x2000c000                . = ALIGN (0x4)

.bss            0x100000e4      0xa94
                0x100000e4                _bss = .
 *(.bss*)
 .bss.last_borde
                0x100000e4        0x1 ./out/obj/graphics.o
                0x100000e4                last_borde
 *fill*         0x100000e5        0x3 
 .bss.f_flash2.10614
                0x100000e8        0x4 ./out/obj/graphics.o
 .bss.scanl     0x100000ec        0x4 ./out/obj/main.o
                0x100000ec                scanl
 .bss.skip      0x100000f0        0x4 ./out/obj/main.o
                0x100000f0                skip
 .bss.f_flash2.10739
                0x100000f4        0x4 ./out/obj/main.o
 .bss.audio_usb_pll_freq
                0x100000f8        0x8 ./out/lib/ext_drivers.a(clock_18xx_43xx.o)
 *(COMMON)
 COMMON         0x10000100      0x480 ./out/obj/z80.o
                0x10000100                sz53p_table
                0x10000200                parity_table
                0x10000300                ioblock_2_table
                0x10000400                ioblock_inc1_table
                0x10000440                ioblock_dec1_table
                0x10000480                sz53_table
 COMMON         0x10000580      0x468 ./out/obj/v_alleg.o
                0x10000580                colors
                0x10000980                gkey
                0x10000984                fila
 COMMON         0x100009e8       0x5c ./out/obj/main.o
                0x100009e8                main_tecla
                0x100009ec                hay_tecla
                0x100009f0                frame_counter
                0x100009f4                last_fps
                0x100009f8                target_cycle
                0x100009fc                spectrumZ80
 COMMON         0x10000a44      0x128 ./out/obj/mem.o
                0x10000a44                mem
 COMMON         0x10000b6c        0xc ./out/lib/drivers_ILI9341_bm.a(tm_stm32f4_ili9341.o)
                0x10000b6c                ILI9341_x
                0x10000b70                ILI9341_Opts
                0x10000b76                ILI9341_y
                0x10000b78                . = ALIGN (0x4)
                0x10000b78                _ebss = .
                0x10000b78                PROVIDE (end, .)

.noinit_RAM2    0x10080000        0x0
 *(.noinit.$RAM2*)
 *(.noinit.$RamLoc40*)
                0x10080000                . = ALIGN (0x4)

.noinit_RAM3    0x20000000        0x0
 *(.noinit.$RAM3*)
 *(.noinit.$RamAHB32*)
                0x20000000                . = ALIGN (0x4)

.noinit_RAM4    0x20008000        0x0
 *(.noinit.$RAM4*)
 *(.noinit.$RamAHB16*)
                0x20008000                . = ALIGN (0x4)

.noinit_RAM5    0x2000c000        0x0
 *(.noinit.$RAM5*)
 *(.noinit.$RamAHB_ETB16*)
                0x2000c000                . = ALIGN (0x4)

.noinit         0x10000b78        0x0
                0x10000b78                _noinit = .
 *(.noinit*)
                0x10000b78                . = ALIGN (0x4)
                0x10000b78                _end_noinit = .
                0x10000b78                PROVIDE (_pvHeapStart, .)
                0x10008000                PROVIDE (_vStackTop, (__top_RamLoc32 - 0x0))
OUTPUT(./out/bin/speecy.axf elf32-littlearm)

.debug_info     0x00000000     0xb1b0
 .debug_info    0x00000000      0xee1 ./out/obj/z80.o
 .debug_info    0x00000ee1      0xa05 ./out/obj/v_alleg.o
 .debug_info    0x000018e6     0x10ec ./out/obj/graphics.o
 .debug_info    0x000029d2      0x112 ./out/obj/vector.o
 .debug_info    0x00002ae4      0x5c9 ./out/obj/botones.o
 .debug_info    0x000030ad      0xd66 ./out/obj/main.o
 .debug_info    0x00003e13      0xa02 ./out/obj/mem.o
 .debug_info    0x00004815       0x3f ./out/obj/crp.o
 .debug_info    0x00004854      0x26e ./out/lib/drivers_ILI9341_bm.a(tm_stm32f4_fonts.o)
 .debug_info    0x00004ac2     0x116c ./out/lib/drivers_ILI9341_bm.a(tm_stm32f4_ili9341.o)
 .debug_info    0x00005c2e      0x500 ./out/lib/drivers_ILI9341_bm.a(spi.o)
 .debug_info    0x0000612e      0x44c ./out/lib/ext_drivers.a(gpio_18xx_43xx.o)
 .debug_info    0x0000657a      0xc25 ./out/lib/ext_drivers.a(ssp_18xx_43xx.o)
 .debug_info    0x0000719f      0x1c3 ./out/lib/ext_drivers.a(cr_startup_lpc43xx.o)
 .debug_info    0x00007362     0x158f ./out/lib/ext_drivers.a(clock_18xx_43xx.o)
 .debug_info    0x000088f1      0x5c0 ./out/lib/ext_drivers.a(sysinit.o)
 .debug_info    0x00008eb1      0x145 ./out/lib/ext_drivers.a(fpu_init.o)
 .debug_info    0x00008ff6      0x902 ./out/lib/ext_drivers.a(sysinit_18xx_43xx.o)
 .debug_info    0x000098f8      0x7e0 ./out/lib/drivers_bm.a(uart.o)
 .debug_info    0x0000a0d8     0x10d8 ./out/lib/ext_drivers.a(uart_18xx_43xx.o)

.debug_abbrev   0x00000000     0x1f83
 .debug_abbrev  0x00000000      0x289 ./out/obj/z80.o
 .debug_abbrev  0x00000289      0x1f4 ./out/obj/v_alleg.o
 .debug_abbrev  0x0000047d      0x1fe ./out/obj/graphics.o
 .debug_abbrev  0x0000067b       0x72 ./out/obj/vector.o
 .debug_abbrev  0x000006ed      0x1cb ./out/obj/botones.o
 .debug_abbrev  0x000008b8      0x1fc ./out/obj/main.o
 .debug_abbrev  0x00000ab4      0x1c9 ./out/obj/mem.o
 .debug_abbrev  0x00000c7d       0x36 ./out/obj/crp.o
 .debug_abbrev  0x00000cb3       0xd4 ./out/lib/drivers_ILI9341_bm.a(tm_stm32f4_fonts.o)
 .debug_abbrev  0x00000d87      0x249 ./out/lib/drivers_ILI9341_bm.a(tm_stm32f4_ili9341.o)
 .debug_abbrev  0x00000fd0      0x171 ./out/lib/drivers_ILI9341_bm.a(spi.o)
 .debug_abbrev  0x00001141      0x111 ./out/lib/ext_drivers.a(gpio_18xx_43xx.o)
 .debug_abbrev  0x00001252      0x232 ./out/lib/ext_drivers.a(ssp_18xx_43xx.o)
 .debug_abbrev  0x00001484       0xc0 ./out/lib/ext_drivers.a(cr_startup_lpc43xx.o)
 .debug_abbrev  0x00001544      0x2c0 ./out/lib/ext_drivers.a(clock_18xx_43xx.o)
 .debug_abbrev  0x00001804       0xc1 ./out/lib/ext_drivers.a(sysinit.o)
 .debug_abbrev  0x000018c5       0x84 ./out/lib/ext_drivers.a(fpu_init.o)
 .debug_abbrev  0x00001949      0x181 ./out/lib/ext_drivers.a(sysinit_18xx_43xx.o)
 .debug_abbrev  0x00001aca      0x20d ./out/lib/drivers_bm.a(uart.o)
 .debug_abbrev  0x00001cd7      0x2ac ./out/lib/ext_drivers.a(uart_18xx_43xx.o)

.debug_aranges  0x00000000      0x978
 .debug_aranges
                0x00000000       0x78 ./out/obj/z80.o
 .debug_aranges
                0x00000078       0xb8 ./out/obj/v_alleg.o
 .debug_aranges
                0x00000130       0x70 ./out/obj/graphics.o
 .debug_aranges
                0x000001a0       0x68 ./out/obj/vector.o
 .debug_aranges
                0x00000208       0x70 ./out/obj/botones.o
 .debug_aranges
                0x00000278       0x30 ./out/obj/main.o
 .debug_aranges
                0x000002a8       0x60 ./out/obj/mem.o
 .debug_aranges
                0x00000308       0x18 ./out/obj/crp.o
 .debug_aranges
                0x00000320       0x20 ./out/lib/drivers_ILI9341_bm.a(tm_stm32f4_fonts.o)
 .debug_aranges
                0x00000340       0xd8 ./out/lib/drivers_ILI9341_bm.a(tm_stm32f4_ili9341.o)
 .debug_aranges
                0x00000418       0x48 ./out/lib/drivers_ILI9341_bm.a(spi.o)
 .debug_aranges
                0x00000460       0x68 ./out/lib/ext_drivers.a(gpio_18xx_43xx.o)
 .debug_aranges
                0x000004c8       0xe8 ./out/lib/ext_drivers.a(ssp_18xx_43xx.o)
 .debug_aranges
                0x000005b0       0x30 ./out/lib/ext_drivers.a(cr_startup_lpc43xx.o)
 .debug_aranges
                0x000005e0      0x138 ./out/lib/ext_drivers.a(clock_18xx_43xx.o)
 .debug_aranges
                0x00000718       0x20 ./out/lib/ext_drivers.a(sysinit.o)
 .debug_aranges
                0x00000738       0x20 ./out/lib/ext_drivers.a(fpu_init.o)
 .debug_aranges
                0x00000758       0x50 ./out/lib/ext_drivers.a(sysinit_18xx_43xx.o)
 .debug_aranges
                0x000007a8       0xb8 ./out/lib/drivers_bm.a(uart.o)
 .debug_aranges
                0x00000860      0x118 ./out/lib/ext_drivers.a(uart_18xx_43xx.o)

.debug_ranges   0x00000000      0x830
 .debug_ranges  0x00000000       0x68 ./out/obj/z80.o
 .debug_ranges  0x00000068       0xa8 ./out/obj/v_alleg.o
 .debug_ranges  0x00000110       0x60 ./out/obj/graphics.o
 .debug_ranges  0x00000170       0x58 ./out/obj/vector.o
 .debug_ranges  0x000001c8       0x60 ./out/obj/botones.o
 .debug_ranges  0x00000228       0x20 ./out/obj/main.o
 .debug_ranges  0x00000248       0x50 ./out/obj/mem.o
 .debug_ranges  0x00000298       0x10 ./out/lib/drivers_ILI9341_bm.a(tm_stm32f4_fonts.o)
 .debug_ranges  0x000002a8       0xc8 ./out/lib/drivers_ILI9341_bm.a(tm_stm32f4_ili9341.o)
 .debug_ranges  0x00000370       0x38 ./out/lib/drivers_ILI9341_bm.a(spi.o)
 .debug_ranges  0x000003a8       0x58 ./out/lib/ext_drivers.a(gpio_18xx_43xx.o)
 .debug_ranges  0x00000400       0xd8 ./out/lib/ext_drivers.a(ssp_18xx_43xx.o)
 .debug_ranges  0x000004d8       0x20 ./out/lib/ext_drivers.a(cr_startup_lpc43xx.o)
 .debug_ranges  0x000004f8      0x128 ./out/lib/ext_drivers.a(clock_18xx_43xx.o)
 .debug_ranges  0x00000620       0x10 ./out/lib/ext_drivers.a(sysinit.o)
 .debug_ranges  0x00000630       0x10 ./out/lib/ext_drivers.a(fpu_init.o)
 .debug_ranges  0x00000640       0x40 ./out/lib/ext_drivers.a(sysinit_18xx_43xx.o)
 .debug_ranges  0x00000680       0xa8 ./out/lib/drivers_bm.a(uart.o)
 .debug_ranges  0x00000728      0x108 ./out/lib/ext_drivers.a(uart_18xx_43xx.o)

.debug_macro    0x00000000     0xa47d
 .debug_macro   0x00000000      0x4b4 ./out/obj/z80.o
 .debug_macro   0x000004b4      0x868 ./out/obj/z80.o
 .debug_macro   0x00000d1c     0x14ce ./out/obj/z80.o
 .debug_macro   0x000021ea       0x58 ./out/obj/z80.o
 .debug_macro   0x00002242       0x16 ./out/obj/z80.o
 .debug_macro   0x00002258       0x35 ./out/obj/z80.o
 .debug_macro   0x0000228d       0xa2 ./out/obj/z80.o
 .debug_macro   0x0000232f       0x16 ./out/obj/z80.o
 .debug_macro   0x00002345       0x97 ./out/obj/z80.o
 .debug_macro   0x000023dc       0x10 ./out/obj/z80.o
 .debug_macro   0x000023ec       0xef ./out/obj/z80.o
 .debug_macro   0x000024db       0x4a ./out/obj/z80.o
 .debug_macro   0x00002525       0x52 ./out/obj/z80.o
 .debug_macro   0x00002577       0x16 ./out/obj/z80.o
 .debug_macro   0x0000258d       0x43 ./out/obj/z80.o
 .debug_macro   0x000025d0      0x180 ./out/obj/z80.o
 .debug_macro   0x00002750       0x10 ./out/obj/z80.o
 .debug_macro   0x00002760       0x22 ./out/obj/z80.o
 .debug_macro   0x00002782       0xbd ./out/obj/z80.o
 .debug_macro   0x0000283f       0x16 ./out/obj/z80.o
 .debug_macro   0x00002855      0x16c ./out/obj/z80.o
 .debug_macro   0x000029c1       0x84 ./out/obj/z80.o
 .debug_macro   0x00002a45       0x10 ./out/obj/z80.o
 .debug_macro   0x00002a55       0x10 ./out/obj/z80.o
 .debug_macro   0x00002a65      0x20f ./out/obj/z80.o
 .debug_macro   0x00002c74       0x22 ./out/obj/z80.o
 .debug_macro   0x00002c96       0x5f ./out/obj/z80.o
 .debug_macro   0x00002cf5       0x28 ./out/obj/z80.o
 .debug_macro   0x00002d1d       0x3b ./out/obj/z80.o
 .debug_macro   0x00002d58       0x2d ./out/obj/z80.o
 .debug_macro   0x00002d85       0x42 ./out/obj/z80.o
 .debug_macro   0x00002dc7      0xd39 ./out/obj/z80.o
 .debug_macro   0x00003b00      0x2bc ./out/obj/z80.o
 .debug_macro   0x00003dbc      0x112 ./out/obj/z80.o
 .debug_macro   0x00003ece       0x11 ./out/obj/z80.o
 .debug_macro   0x00003edf       0x2a ./out/obj/z80.o
 .debug_macro   0x00003f09       0x16 ./out/obj/z80.o
 .debug_macro   0x00003f1f      0x2e6 ./out/obj/z80.o
 .debug_macro   0x00004205       0x82 ./out/obj/z80.o
 .debug_macro   0x00004287      0x13d ./out/obj/z80.o
 .debug_macro   0x000043c4      0x198 ./out/obj/z80.o
 .debug_macro   0x0000455c       0x34 ./out/obj/z80.o
 .debug_macro   0x00004590       0x58 ./out/obj/z80.o
 .debug_macro   0x000045e8      0x236 ./out/obj/z80.o
 .debug_macro   0x0000481e      0x572 ./out/obj/z80.o
 .debug_macro   0x00004d90       0x16 ./out/obj/z80.o
 .debug_macro   0x00004da6      0x18a ./out/obj/z80.o
 .debug_macro   0x00004f30       0x88 ./out/obj/z80.o
 .debug_macro   0x00004fb8      0x1b9 ./out/obj/z80.o
 .debug_macro   0x00005171      0x1da ./out/obj/z80.o
 .debug_macro   0x0000534b       0x40 ./out/obj/z80.o
 .debug_macro   0x0000538b       0x1c ./out/obj/z80.o
 .debug_macro   0x000053a7       0x2e ./out/obj/z80.o
 .debug_macro   0x000053d5       0x2e ./out/obj/z80.o
 .debug_macro   0x00005403       0x22 ./out/obj/z80.o
 .debug_macro   0x00005425      0x201 ./out/obj/z80.o
 .debug_macro   0x00005626       0xe0 ./out/obj/z80.o
 .debug_macro   0x00005706      0x34c ./out/obj/z80.o
 .debug_macro   0x00005a52       0xdc ./out/obj/z80.o
 .debug_macro   0x00005b2e       0xc4 ./out/obj/z80.o
 .debug_macro   0x00005bf2       0x94 ./out/obj/z80.o
 .debug_macro   0x00005c86       0xb8 ./out/obj/z80.o
 .debug_macro   0x00005d3e       0x4c ./out/obj/z80.o
 .debug_macro   0x00005d8a       0x16 ./out/obj/z80.o
 .debug_macro   0x00005da0      0x328 ./out/obj/z80.o
 .debug_macro   0x000060c8       0x3a ./out/obj/z80.o
 .debug_macro   0x00006102       0xd0 ./out/obj/z80.o
 .debug_macro   0x000061d2       0x11 ./out/obj/z80.o
 .debug_macro   0x000061e3       0x22 ./out/obj/z80.o
 .debug_macro   0x00006205       0x40 ./out/obj/z80.o
 .debug_macro   0x00006245      0x2a6 ./out/obj/z80.o
 .debug_macro   0x000064eb       0x10 ./out/obj/z80.o
 .debug_macro   0x000064fb       0x35 ./out/obj/z80.o
 .debug_macro   0x00006530       0x1f ./out/obj/z80.o
 .debug_macro   0x0000654f       0x7b ./out/obj/z80.o
 .debug_macro   0x000065ca       0x10 ./out/obj/z80.o
 .debug_macro   0x000065da       0x16 ./out/obj/z80.o
 .debug_macro   0x000065f0       0x34 ./out/obj/z80.o
 .debug_macro   0x00006624      0x328 ./out/obj/z80.o
 .debug_macro   0x0000694c       0x16 ./out/obj/z80.o
 .debug_macro   0x00006962       0x19 ./out/obj/z80.o
 .debug_macro   0x0000697b      0x44e ./out/obj/v_alleg.o
 .debug_macro   0x00006dc9      0x1b4 ./out/obj/v_alleg.o
 .debug_macro   0x00006f7d       0x22 ./out/obj/v_alleg.o
 .debug_macro   0x00006f9f       0xbe ./out/obj/v_alleg.o
 .debug_macro   0x0000705d      0x42e ./out/obj/graphics.o
 .debug_macro   0x0000748b       0x1a ./out/obj/vector.o
 .debug_macro   0x000074a5       0x16 ./out/obj/vector.o
 .debug_macro   0x000074bb      0x419 ./out/obj/botones.o
 .debug_macro   0x000078d4       0x44 ./out/obj/botones.o
 .debug_macro   0x00007918      0x209 ./out/obj/botones.o
 .debug_macro   0x00007b21       0x66 ./out/obj/botones.o
 .debug_macro   0x00007b87       0x18 ./out/obj/botones.o
 .debug_macro   0x00007b9f       0x22 ./out/obj/botones.o
 .debug_macro   0x00007bc1       0x3a ./out/obj/botones.o
 .debug_macro   0x00007bfb      0x45a ./out/obj/main.o
 .debug_macro   0x00008055      0x45f ./out/obj/mem.o
 .debug_macro   0x000084b4       0x16 ./out/obj/mem.o
 .debug_macro   0x000084ca       0x16 ./out/obj/mem.o
 .debug_macro   0x000084e0       0x29 ./out/obj/mem.o
 .debug_macro   0x00008509       0x17 ./out/obj/crp.o
 .debug_macro   0x00008520       0xf9 ./out/lib/drivers_ILI9341_bm.a(tm_stm32f4_fonts.o)
 .debug_macro   0x00008619      0x166 ./out/lib/drivers_ILI9341_bm.a(tm_stm32f4_fonts.o)
 .debug_macro   0x0000877f      0x4ef ./out/lib/drivers_ILI9341_bm.a(tm_stm32f4_ili9341.o)
 .debug_macro   0x00008c6e      0x2f7 ./out/lib/drivers_ILI9341_bm.a(spi.o)
 .debug_macro   0x00008f65      0x2e0 ./out/lib/ext_drivers.a(gpio_18xx_43xx.o)
 .debug_macro   0x00009245      0x2e0 ./out/lib/ext_drivers.a(ssp_18xx_43xx.o)
 .debug_macro   0x00009525       0x23 ./out/lib/ext_drivers.a(cr_startup_lpc43xx.o)
 .debug_macro   0x00009548      0x2e6 ./out/lib/ext_drivers.a(clock_18xx_43xx.o)
 .debug_macro   0x0000982e      0x2e0 ./out/lib/ext_drivers.a(sysinit.o)
 .debug_macro   0x00009b0e       0xc6 ./out/lib/ext_drivers.a(fpu_init.o)
 .debug_macro   0x00009bd4      0x2e0 ./out/lib/ext_drivers.a(sysinit_18xx_43xx.o)
 .debug_macro   0x00009eb4      0x2e9 ./out/lib/drivers_bm.a(uart.o)
 .debug_macro   0x0000a19d      0x2e0 ./out/lib/ext_drivers.a(uart_18xx_43xx.o)

.debug_line     0x00000000     0xb7b8
 .debug_line    0x00000000     0x3299 ./out/obj/z80.o
 .debug_line    0x00003299      0x9e1 ./out/obj/v_alleg.o
 .debug_line    0x00003c7a      0xb93 ./out/obj/graphics.o
 .debug_line    0x0000480d       0xa4 ./out/obj/vector.o
 .debug_line    0x000048b1      0x904 ./out/obj/botones.o
 .debug_line    0x000051b5      0x8df ./out/obj/main.o
 .debug_line    0x00005a94      0x980 ./out/obj/mem.o
 .debug_line    0x00006414       0x4a ./out/obj/crp.o
 .debug_line    0x0000645e      0x293 ./out/lib/drivers_ILI9341_bm.a(tm_stm32f4_fonts.o)
 .debug_line    0x000066f1      0xb33 ./out/lib/drivers_ILI9341_bm.a(tm_stm32f4_ili9341.o)
 .debug_line    0x00007224      0x6f6 ./out/lib/drivers_ILI9341_bm.a(spi.o)
 .debug_line    0x0000791a      0x70e ./out/lib/ext_drivers.a(gpio_18xx_43xx.o)
 .debug_line    0x00008028      0x9f2 ./out/lib/ext_drivers.a(ssp_18xx_43xx.o)
 .debug_line    0x00008a1a       0xe9 ./out/lib/ext_drivers.a(cr_startup_lpc43xx.o)
 .debug_line    0x00008b03      0xaaf ./out/lib/ext_drivers.a(clock_18xx_43xx.o)
 .debug_line    0x000095b2      0x655 ./out/lib/ext_drivers.a(sysinit.o)
 .debug_line    0x00009c07      0x26d ./out/lib/ext_drivers.a(fpu_init.o)
 .debug_line    0x00009e74      0x72f ./out/lib/ext_drivers.a(sysinit_18xx_43xx.o)
 .debug_line    0x0000a5a3      0x87d ./out/lib/drivers_bm.a(uart.o)
 .debug_line    0x0000ae20      0x998 ./out/lib/ext_drivers.a(uart_18xx_43xx.o)

.debug_str      0x00000000    0x1f855
 .debug_str     0x00000000    0x1c55b ./out/obj/z80.o
                              0x1c7e8 (size before relaxing)
 .debug_str     0x0001c55b      0x7e4 ./out/obj/v_alleg.o
                              0x18959 (size before relaxing)
 .debug_str     0x0001cd3f      0x220 ./out/obj/graphics.o
                              0x185b0 (size before relaxing)
 .debug_str     0x0001cf5f       0xe7 ./out/obj/vector.o
                               0x2500 (size before relaxing)
 .debug_str     0x0001d046      0x26a ./out/obj/botones.o
                              0x17948 (size before relaxing)
 .debug_str     0x0001d2b0      0x13a ./out/obj/main.o
                              0x18cf9 (size before relaxing)
 .debug_str     0x0001d3ea      0x1a8 ./out/obj/mem.o
                              0x184b9 (size before relaxing)
 .debug_str     0x0001d592       0x49 ./out/obj/crp.o
                               0x2466 (size before relaxing)
 .debug_str     0x0001d5db       0xa7 ./out/lib/drivers_ILI9341_bm.a(tm_stm32f4_fonts.o)
                               0x5580 (size before relaxing)
 .debug_str     0x0001d682      0x92e ./out/lib/drivers_ILI9341_bm.a(tm_stm32f4_ili9341.o)
                              0x17ed6 (size before relaxing)
 .debug_str     0x0001dfb0      0x1a9 ./out/lib/drivers_ILI9341_bm.a(spi.o)
                              0x1461b (size before relaxing)
 .debug_str     0x0001e159      0x12e ./out/lib/ext_drivers.a(gpio_18xx_43xx.o)
                              0x14433 (size before relaxing)
 .debug_str     0x0001e287      0x483 ./out/lib/ext_drivers.a(ssp_18xx_43xx.o)
                              0x14d4e (size before relaxing)
 .debug_str     0x0001e70a      0x166 ./out/lib/ext_drivers.a(cr_startup_lpc43xx.o)
                               0x259b (size before relaxing)
 .debug_str     0x0001e870      0x827 ./out/lib/ext_drivers.a(clock_18xx_43xx.o)
                              0x155b4 (size before relaxing)
 .debug_str     0x0001f097       0x31 ./out/lib/ext_drivers.a(sysinit.o)
                              0x14d30 (size before relaxing)
 .debug_str     0x0001f0c8       0xd5 ./out/lib/ext_drivers.a(fpu_init.o)
                               0x8bc6 (size before relaxing)
 .debug_str     0x0001f19d      0x107 ./out/lib/ext_drivers.a(sysinit_18xx_43xx.o)
                              0x14ff6 (size before relaxing)
 .debug_str     0x0001f2a4      0x24d ./out/lib/drivers_bm.a(uart.o)
                              0x1463f (size before relaxing)
 .debug_str     0x0001f4f1      0x364 ./out/lib/ext_drivers.a(uart_18xx_43xx.o)
                              0x1516f (size before relaxing)

.comment        0x00000000       0x70
 .comment       0x00000000       0x70 ./out/obj/z80.o
                                 0x71 (size before relaxing)
 .comment       0x00000000       0x71 ./out/obj/v_alleg.o
 .comment       0x00000000       0x71 ./out/obj/graphics.o
 .comment       0x00000000       0x71 ./out/obj/vector.o
 .comment       0x00000000       0x71 ./out/obj/botones.o
 .comment       0x00000000       0x71 ./out/obj/main.o
 .comment       0x00000000       0x71 ./out/obj/mem.o
 .comment       0x00000000       0x71 ./out/obj/crp.o
 .comment       0x00000000       0x71 ./out/lib/drivers_ILI9341_bm.a(tm_stm32f4_fonts.o)
 .comment       0x00000000       0x71 ./out/lib/drivers_ILI9341_bm.a(tm_stm32f4_ili9341.o)
 .comment       0x00000000       0x71 ./out/lib/drivers_ILI9341_bm.a(spi.o)
 .comment       0x00000000       0x71 ./out/lib/ext_drivers.a(gpio_18xx_43xx.o)
 .comment       0x00000000       0x71 ./out/lib/ext_drivers.a(ssp_18xx_43xx.o)
 .comment       0x00000000       0x71 ./out/lib/ext_drivers.a(cr_startup_lpc43xx.o)
 .comment       0x00000000       0x71 ./out/lib/ext_drivers.a(clock_18xx_43xx.o)
 .comment       0x00000000       0x71 ./out/lib/ext_drivers.a(sysinit.o)
 .comment       0x00000000       0x71 ./out/lib/ext_drivers.a(fpu_init.o)
 .comment       0x00000000       0x71 ./out/lib/ext_drivers.a(sysinit_18xx_43xx.o)
 .comment       0x00000000       0x71 ./out/lib/drivers_bm.a(uart.o)
 .comment       0x00000000       0x71 ./out/lib/ext_drivers.a(uart_18xx_43xx.o)

.ARM.attributes
                0x00000000       0x35
 .ARM.attributes
                0x00000000       0x37 ./out/obj/z80.o
 .ARM.attributes
                0x00000037       0x37 ./out/obj/v_alleg.o
 .ARM.attributes
                0x0000006e       0x37 ./out/obj/graphics.o
 .ARM.attributes
                0x000000a5       0x37 ./out/obj/vector.o
 .ARM.attributes
                0x000000dc       0x37 ./out/obj/botones.o
 .ARM.attributes
                0x00000113       0x37 ./out/obj/main.o
 .ARM.attributes
                0x0000014a       0x37 ./out/obj/mem.o
 .ARM.attributes
                0x00000181       0x37 ./out/obj/crp.o
 .ARM.attributes
                0x000001b8       0x37 ./out/lib/drivers_ILI9341_bm.a(tm_stm32f4_fonts.o)
 .ARM.attributes
                0x000001ef       0x37 ./out/lib/drivers_ILI9341_bm.a(tm_stm32f4_ili9341.o)
 .ARM.attributes
                0x00000226       0x37 ./out/lib/drivers_ILI9341_bm.a(spi.o)
 .ARM.attributes
                0x0000025d       0x37 ./out/lib/ext_drivers.a(gpio_18xx_43xx.o)
 .ARM.attributes
                0x00000294       0x37 ./out/lib/ext_drivers.a(ssp_18xx_43xx.o)
 .ARM.attributes
                0x000002cb       0x37 ./out/lib/ext_drivers.a(cr_startup_lpc43xx.o)
 .ARM.attributes
                0x00000302       0x37 ./out/lib/ext_drivers.a(clock_18xx_43xx.o)
 .ARM.attributes
                0x00000339       0x37 ./out/lib/ext_drivers.a(sysinit.o)
 .ARM.attributes
                0x00000370       0x37 ./out/lib/ext_drivers.a(fpu_init.o)
 .ARM.attributes
                0x000003a7       0x37 ./out/lib/ext_drivers.a(sysinit_18xx_43xx.o)
 .ARM.attributes
                0x000003de       0x37 ./out/lib/drivers_bm.a(uart.o)
 .ARM.attributes
                0x00000415       0x37 ./out/lib/ext_drivers.a(uart_18xx_43xx.o)
 .ARM.attributes
                0x0000044c       0x32 c:/ciaa/cygwin/usr/arm-none-eabi/bin/../lib/gcc/arm-none-eabi/4.8.4/../../../../arm-none-eabi/lib/armv7e-m/softfp\libc.a(lib_a-memset.o)

.debug_frame    0x00000000     0x1cf4
 .debug_frame   0x00000000      0x170 ./out/obj/z80.o
 .debug_frame   0x00000170      0x220 ./out/obj/v_alleg.o
 .debug_frame   0x00000390      0x170 ./out/obj/graphics.o
 .debug_frame   0x00000500      0x100 ./out/obj/vector.o
 .debug_frame   0x00000600      0x154 ./out/obj/botones.o
 .debug_frame   0x00000754       0x68 ./out/obj/main.o
 .debug_frame   0x000007bc      0x104 ./out/obj/mem.o
 .debug_frame   0x000008c0       0x30 ./out/lib/drivers_ILI9341_bm.a(tm_stm32f4_fonts.o)
 .debug_frame   0x000008f0      0x2ec ./out/lib/drivers_ILI9341_bm.a(tm_stm32f4_ili9341.o)
 .debug_frame   0x00000bdc       0xc0 ./out/lib/drivers_ILI9341_bm.a(spi.o)
 .debug_frame   0x00000c9c      0x130 ./out/lib/ext_drivers.a(gpio_18xx_43xx.o)
 .debug_frame   0x00000dcc      0x320 ./out/lib/ext_drivers.a(ssp_18xx_43xx.o)
 .debug_frame   0x000010ec       0x68 ./out/lib/ext_drivers.a(cr_startup_lpc43xx.o)
 .debug_frame   0x00001154      0x41c ./out/lib/ext_drivers.a(clock_18xx_43xx.o)
 .debug_frame   0x00001570       0x30 ./out/lib/ext_drivers.a(sysinit.o)
 .debug_frame   0x000015a0       0x2c ./out/lib/ext_drivers.a(fpu_init.o)
 .debug_frame   0x000015cc       0xd0 ./out/lib/ext_drivers.a(sysinit_18xx_43xx.o)
 .debug_frame   0x0000169c      0x258 ./out/lib/drivers_bm.a(uart.o)
 .debug_frame   0x000018f4      0x3d4 ./out/lib/ext_drivers.a(uart_18xx_43xx.o)
 .debug_frame   0x00001cc8       0x2c c:/ciaa/cygwin/usr/arm-none-eabi/bin/../lib/gcc/arm-none-eabi/4.8.4/../../../../arm-none-eabi/lib/armv7e-m/softfp\libc.a(lib_a-memset.o)
