Archive member included because of file (symbol)

./out/lib/drivers_ILI9341_bm.a(tm_stm32f4_ili9341.o)
                              ./out/obj/graphics.o (TM_ILI9341_Init)
./out/lib/drivers_ILI9341_bm.a(spi.o)
                              ./out/lib/drivers_ILI9341_bm.a(tm_stm32f4_ili9341.o) (Board_SSP_Init)
./out/lib/ext_drivers.a(gpio_18xx_43xx.o)
                              ./out/obj/botones.o (Chip_GPIO_Init)
./out/lib/ext_drivers.a(ssp_18xx_43xx.o)
                              ./out/lib/drivers_ILI9341_bm.a(spi.o) (Chip_SSP_WriteFrames_Blocking)
./out/lib/ext_drivers.a(cr_startup_lpc43xx.o)
                              (ResetISR)
./out/lib/ext_drivers.a(clock_18xx_43xx.o)
                              ./out/lib/ext_drivers.a(ssp_18xx_43xx.o) (Chip_Clock_Enable)
./out/lib/ext_drivers.a(sysinit.o)
                              ./out/lib/ext_drivers.a(clock_18xx_43xx.o) (ExtRateIn)
./out/lib/ext_drivers.a(fpu_init.o)
                              ./out/lib/ext_drivers.a(sysinit.o) (fpuInit)
./out/lib/ext_drivers.a(sysinit_18xx_43xx.o)
                              ./out/lib/ext_drivers.a(sysinit.o) (Chip_SystemInit)
./out/lib/drivers_bm.a(uart.o)
                              ./out/obj/main.o (init_UART_FTDI_EDUCIAA)
./out/lib/ext_drivers.a(uart_18xx_43xx.o)
                              ./out/lib/drivers_bm.a(uart.o) (Chip_UART_Init)
./out/lib/ext_drivers.a(ring_buffer.o)
                              ./out/lib/ext_drivers.a(uart_18xx_43xx.o) (RingBuffer_Insert)
c:/ciaa/cygwin/usr/arm-none-eabi/bin/../lib/gcc/arm-none-eabi/4.8.4/armv7e-m/softfp\libgcc.a(_aeabi_uldivmod.o)
                              ./out/lib/ext_drivers.a(uart_18xx_43xx.o) (__aeabi_uldivmod)
c:/ciaa/cygwin/usr/arm-none-eabi/bin/../lib/gcc/arm-none-eabi/4.8.4/armv7e-m/softfp\libgcc.a(bpabi.o)
                              c:/ciaa/cygwin/usr/arm-none-eabi/bin/../lib/gcc/arm-none-eabi/4.8.4/armv7e-m/softfp\libgcc.a(_aeabi_uldivmod.o) (__gnu_uldivmod_helper)
c:/ciaa/cygwin/usr/arm-none-eabi/bin/../lib/gcc/arm-none-eabi/4.8.4/armv7e-m/softfp\libgcc.a(_dvmd_tls.o)
                              c:/ciaa/cygwin/usr/arm-none-eabi/bin/../lib/gcc/arm-none-eabi/4.8.4/armv7e-m/softfp\libgcc.a(_aeabi_uldivmod.o) (__aeabi_ldiv0)
c:/ciaa/cygwin/usr/arm-none-eabi/bin/../lib/gcc/arm-none-eabi/4.8.4/armv7e-m/softfp\libgcc.a(_divdi3.o)
                              c:/ciaa/cygwin/usr/arm-none-eabi/bin/../lib/gcc/arm-none-eabi/4.8.4/armv7e-m/softfp\libgcc.a(bpabi.o) (__divdi3)
c:/ciaa/cygwin/usr/arm-none-eabi/bin/../lib/gcc/arm-none-eabi/4.8.4/armv7e-m/softfp\libgcc.a(_udivdi3.o)
                              c:/ciaa/cygwin/usr/arm-none-eabi/bin/../lib/gcc/arm-none-eabi/4.8.4/armv7e-m/softfp\libgcc.a(bpabi.o) (__udivdi3)
c:/ciaa/cygwin/usr/arm-none-eabi/bin/../lib/gcc/arm-none-eabi/4.8.4/../../../../arm-none-eabi/lib/armv7e-m/softfp\libc.a(lib_a-memcpy.o)
                              ./out/lib/ext_drivers.a(ring_buffer.o) (memcpy)
c:/ciaa/cygwin/usr/arm-none-eabi/bin/../lib/gcc/arm-none-eabi/4.8.4/../../../../arm-none-eabi/lib/armv7e-m/softfp\libc.a(lib_a-memset.o)
                              ./out/lib/ext_drivers.a(clock_18xx_43xx.o) (memset)
c:/ciaa/cygwin/usr/arm-none-eabi/bin/../lib/gcc/arm-none-eabi/4.8.4/../../../../arm-none-eabi/lib/armv7e-m/softfp\libc.a(lib_a-strlen.o)
                              ./out/obj/graphics.o (strlen)

Allocating common symbols
Common symbol       size              file

colors              0x400             ./out/obj/v_alleg.o
main_tecla          0x4               ./out/obj/main.o
sz53p_table         0x100             ./out/obj/z80.o
gkey                0x4               ./out/obj/v_alleg.o
hay_tecla           0x4               ./out/obj/main.o
ILI9341_x           0x2               ./out/lib/drivers_ILI9341_bm.a(tm_stm32f4_ili9341.o)
frame_counter       0x4               ./out/obj/main.o
fila                0x64              ./out/obj/v_alleg.o
parity_table        0x100             ./out/obj/z80.o
last_fps            0x4               ./out/obj/main.o
ioblock_2_table     0x100             ./out/obj/z80.o
ILI9341_Opts        0x6               ./out/lib/drivers_ILI9341_bm.a(tm_stm32f4_ili9341.o)
mem                 0x128             ./out/obj/mem.o
ioblock_inc1_table  0x40              ./out/obj/z80.o
ioblock_dec1_table  0x40              ./out/obj/z80.o
target_cycle        0x4               ./out/obj/main.o
sz53_table          0x100             ./out/obj/z80.o
ILI9341_y           0x2               ./out/lib/drivers_ILI9341_bm.a(tm_stm32f4_ili9341.o)
spectrumZ80         0x48              ./out/obj/main.o

Discarded input sections

 .group         0x00000000        0x8 ./out/obj/z80.o
 .group         0x00000000        0x8 ./out/obj/z80.o
 .group         0x00000000        0x8 ./out/obj/z80.o
 .group         0x00000000        0x8 ./out/obj/z80.o
 .group         0x00000000        0x8 ./out/obj/z80.o
 .group         0x00000000        0x8 ./out/obj/z80.o
 .group         0x00000000        0x8 ./out/obj/z80.o
[...]
Memory Configuration

Name             Origin             Length             Attributes
MFlashA512       0x1a000000         0x00080000         xr
MFlashB512       0x1b000000         0x00080000         xr
RamLoc32         0x10000000         0x00008000         xrw
RamLoc40         0x10080000         0x0000a000         xrw
RamAHB32         0x20000000         0x00008000         xrw
RamAHB16         0x20008000         0x00004000         xrw
RamAHB_ETB16     0x2000c000         0x00004000         xrw
*default*        0x00000000         0xffffffff

Linker script and memory map

LOAD ./out/obj/z80.o
LOAD ./out/obj/v_alleg.o
LOAD ./out/obj/graphics.o
LOAD ./out/obj/vector.o
LOAD ./out/obj/botones.o
LOAD ./out/obj/main.o
LOAD ./out/obj/mem.o
LOAD ./out/obj/crp.o
START GROUP
LOAD ./out/lib/drivers_ILI9341_bm.a
LOAD ./out/lib/ext_drivers.a
LOAD ./out/lib/drivers_bm.a
LOAD ./out/lib/ext_drivers.a
LOAD ./out/lib/ext_base.a
END GROUP
START GROUP
LOAD c:/ciaa/cygwin/usr/arm-none-eabi/bin/../lib/gcc/arm-none-eabi/4.8.4/armv7e-m/softfp\libgcc.a
LOAD c:/ciaa/cygwin/usr/arm-none-eabi/bin/../lib/gcc/arm-none-eabi/4.8.4/../../../../arm-none-eabi/lib/armv7e-m/softfp\libc.a
LOAD c:/ciaa/cygwin/usr/arm-none-eabi/bin/../lib/gcc/arm-none-eabi/4.8.4/../../../../arm-none-eabi/lib/armv7e-m/softfp\libm.a
END GROUP
                0x1a080000                __top_MFlashA512 = 0x1a080000
                0x1b080000                __top_MFlashB512 = 0x1b080000
                0x10008000                __top_RamLoc32 = 0x10008000
                0x1008a000                __top_RamLoc40 = 0x1008a000
                0x20008000                __top_RamAHB32 = 0x20008000
                0x2000c000                __top_RamAHB16 = 0x2000c000
                0x20010000                __top_RamAHB_ETB16 = 0x20010000

.text_Flash2    0x1b000000        0x0
 FILL mask 0xff
 *(.text_Flash2*)
 *(.text_MFlashB512*)
 *(.text.$Flash2*)
 *(.text.$MFlashB512*)
 *(.rodata.$Flash2*)
 *(.rodata.$MFlashB512*)

.text           0x1a000000    0x24098
 FILL mask 0xff
                0x1a000000                __vectors_start__ = ABSOLUTE (.)
 *(.isr_vector)
 .isr_vector    0x1a000000      0x114 ./out/obj/vector.o
                0x1a000000                g_pfnVectors
                0x1a000114                . = ALIGN (0x4)
                0x1a000114                __section_table_start = .
                0x1a000114                __data_section_table = .
                0x1a000114        0x4 LONG 0x1a024098 LOADADDR (.data)
                0x1a000118        0x4 LONG 0x10000000 ADDR (.data)
                0x1a00011c        0x4 LONG 0xcc SIZEOF (.data)
                0x1a000120        0x4 LONG 0x1a024098 LOADADDR (.data_RAM2)
                0x1a000124        0x4 LONG 0x10080000 ADDR (.data_RAM2)
                0x1a000128        0x4 LONG 0x0 SIZEOF (.data_RAM2)
                0x1a00012c        0x4 LONG 0x1a024098 LOADADDR (.data_RAM3)
                0x1a000130        0x4 LONG 0x20000000 ADDR (.data_RAM3)
                0x1a000134        0x4 LONG 0x0 SIZEOF (.data_RAM3)
                0x1a000138        0x4 LONG 0x1a024098 LOADADDR (.data_RAM4)
                0x1a00013c        0x4 LONG 0x20008000 ADDR (.data_RAM4)
                0x1a000140        0x4 LONG 0x0 SIZEOF (.data_RAM4)
                0x1a000144        0x4 LONG 0x1a024098 LOADADDR (.data_RAM5)
                0x1a000148        0x4 LONG 0x2000c000 ADDR (.data_RAM5)
                0x1a00014c        0x4 LONG 0x0 SIZEOF (.data_RAM5)
                0x1a000150                __data_section_table_end = .
                0x1a000150                __bss_section_table = .
                0x1a000150        0x4 LONG 0x100000cc ADDR (.bss)
                0x1a000154        0x4 LONG 0xa94 SIZEOF (.bss)
                0x1a000158        0x4 LONG 0x10080000 ADDR (.bss_RAM2)
                0x1a00015c        0x4 LONG 0x0 SIZEOF (.bss_RAM2)
                0x1a000160        0x4 LONG 0x20000000 ADDR (.bss_RAM3)
                0x1a000164        0x4 LONG 0x0 SIZEOF (.bss_RAM3)
                0x1a000168        0x4 LONG 0x20008000 ADDR (.bss_RAM4)
                0x1a00016c        0x4 LONG 0x0 SIZEOF (.bss_RAM4)
                0x1a000170        0x4 LONG 0x2000c000 ADDR (.bss_RAM5)
                0x1a000174        0x4 LONG 0x0 SIZEOF (.bss_RAM5)
                0x1a000178                __bss_section_table_end = .
                0x1a000178                __section_table_end = .
 *(.after_vectors*)
 .after_vectors
                0x1a000178       0x54 ./out/obj/vector.o
 .after_vectors
                0x1a0001cc       0x7c ./out/lib/ext_drivers.a(cr_startup_lpc43xx.o)
                0x1a0001cc                data_init
                0x1a000210                bss_init
                0x000002fc                . = 0x2fc
 *fill*         0x1a000248       0xb4 ff
                0x1a0002fc                PROVIDE (__CRP_WORD_START__, .)
 *(.crp)
 .crp           0x1a0002fc        0x4 ./out/obj/crp.o
                0x1a0002fc                CRP_WORD
                0x1a000300                PROVIDE (__CRP_WORD_END__, .)
                0x00000001                ASSERT (! ((__CRP_WORD_START__ == __CRP_WORD_END__)), Linker CRP Enabled, but no CRP_WORD provided within application)
 *(.text*)
 .text.Z80WriteMem
                0x1a000300       0x24 ./out/obj/z80.o
                0x1a000300                Z80WriteMem
 .text.Z80Reset
                0x1a000324       0xe0 ./out/obj/z80.o
                0x1a000324                Z80Reset
 .text.Z80Run   0x1a000404    0x10b50 ./out/obj/z80.o
                0x1a000404                Z80Run
 .text.Z80Interrupt
                0x1a010f54       0xf0 ./out/obj/z80.o
                0x1a010f54                Z80Interrupt
 .text.Z80Patch
                0x1a011044        0xc ./out/obj/z80.o
                0x1a011044                Z80Patch
 .text.Z80MemRead
                0x1a011050       0x1c ./out/obj/z80.o
                0x1a011050                Z80MemRead
 .text.Z80InPort
                0x1a01106c       0xf0 ./out/obj/z80.o
                0x1a01106c                Z80InPort
 .text.Z80OutPort
                0x1a01115c       0x20 ./out/obj/z80.o
                0x1a01115c                Z80OutPort
 .text.Z80FlagTables
                0x1a01117c       0xc0 ./out/obj/z80.o
                0x1a01117c                Z80FlagTables
 .text.load_sna
                0x1a01123c      0x150 ./out/obj/z80.o
                0x1a01123c                load_sna
 .text.init_keyboard
                0x1a01138c       0x50 ./out/obj/v_alleg.o
                0x1a01138c                init_keyboard
 .text.UpdateKeyboard
                0x1a0113dc      0x310 ./out/obj/v_alleg.o
                0x1a0113dc                UpdateKeyboard
 .text.DisplayScreenDiff
                0x1a0116ec       0xc8 ./out/obj/graphics.o
                0x1a0116ec                DisplayScreenDiff
 .text.displayscanlineDiff
                0x1a0117b4      0x34c ./out/obj/graphics.o
                0x1a0117b4                displayscanlineDiff
 .text.displayborderscanline
                0x1a011b00       0x3c ./out/obj/graphics.o
                0x1a011b00                displayborderscanline
 .text.ClearScreen
                0x1a011b3c       0x20 ./out/obj/graphics.o
                0x1a011b3c                ClearScreen
 .text.Chip_SCU_PinMuxSet
                0x1a011b5c       0x30 ./out/obj/botones.o
 .text.Chip_SCU_PinMux
                0x1a011b8c       0x2c ./out/obj/botones.o
 .text.Chip_GPIO_ReadPortBit
                0x1a011bb8       0x34 ./out/obj/botones.o
 .text.Inicializar_Botones
                0x1a011bec       0xa8 ./out/obj/botones.o
                0x1a011bec                Inicializar_Botones
 .text.UpdateBotones
                0x1a011c94       0xb0 ./out/obj/botones.o
                0x1a011c94                UpdateBotones
 .text.Z80Initialization
                0x1a011d44       0x30 ./out/obj/main.o
                0x1a011d44                Z80Initialization
 .text.main     0x1a011d74      0x200 ./out/obj/main.o
                0x1a011d74                main
 .text.readmem  0x1a011f74       0x60 ./out/obj/mem.o
                0x1a011f74                readmem
 .text.writemem
                0x1a011fd4       0x4c ./out/obj/mem.o
                0x1a011fd4                writemem
 .text.init_spectrum
                0x1a012020       0x10 ./out/obj/mem.o
                0x1a012020                init_spectrum
 .text.init_48k
                0x1a012030      0x194 ./out/obj/mem.o
                0x1a012030                init_48k
 .text.Chip_SCU_PinMuxSet
                0x1a0121c4       0x30 ./out/lib/drivers_ILI9341_bm.a(tm_stm32f4_ili9341.o)
 .text.Chip_SCU_PinMux
                0x1a0121f4       0x2c ./out/lib/drivers_ILI9341_bm.a(tm_stm32f4_ili9341.o)
 .text.Chip_GPIO_SetValue
                0x1a012220       0x28 ./out/lib/drivers_ILI9341_bm.a(tm_stm32f4_ili9341.o)
 .text.Chip_GPIO_ClearValue
                0x1a012248       0x28 ./out/lib/drivers_ILI9341_bm.a(tm_stm32f4_ili9341.o)
 .text.TM_ILI9341_Init
                0x1a012270       0xb0 ./out/lib/drivers_ILI9341_bm.a(tm_stm32f4_ili9341.o)
                0x1a012270                TM_ILI9341_Init
 .text.TM_ILI9341_InitLCD
                0x1a012320      0x274 ./out/lib/drivers_ILI9341_bm.a(tm_stm32f4_ili9341.o)
                0x1a012320                TM_ILI9341_InitLCD
 .text.TM_ILI9341_SendCommand
                0x1a012594       0x40 ./out/lib/drivers_ILI9341_bm.a(tm_stm32f4_ili9341.o)
                0x1a012594                TM_ILI9341_SendCommand
 .text.TM_ILI9341_SendData
                0x1a0125d4       0x40 ./out/lib/drivers_ILI9341_bm.a(tm_stm32f4_ili9341.o)
                0x1a0125d4                TM_ILI9341_SendData
 .text.TM_ILI9341_DrawPixel
                0x1a012614       0x40 ./out/lib/drivers_ILI9341_bm.a(tm_stm32f4_ili9341.o)
                0x1a012614                TM_ILI9341_DrawPixel
 .text.TM_ILI9341_SetCursorPosition
                0x1a012654       0x80 ./out/lib/drivers_ILI9341_bm.a(tm_stm32f4_ili9341.o)
                0x1a012654                TM_ILI9341_SetCursorPosition
 .text.TM_ILI9341_Fill
                0x1a0126d4       0x2c ./out/lib/drivers_ILI9341_bm.a(tm_stm32f4_ili9341.o)
                0x1a0126d4                TM_ILI9341_Fill
 .text.TM_ILI9341_INT_Fill
                0x1a012700       0x98 ./out/lib/drivers_ILI9341_bm.a(tm_stm32f4_ili9341.o)
                0x1a012700                TM_ILI9341_INT_Fill
 .text.TM_ILI9341_Delay
                0x1a012798       0x20 ./out/lib/drivers_ILI9341_bm.a(tm_stm32f4_ili9341.o)
                0x1a012798                TM_ILI9341_Delay
 .text.TM_ILI9341_Rotate
                0x1a0127b8       0x88 ./out/lib/drivers_ILI9341_bm.a(tm_stm32f4_ili9341.o)
                0x1a0127b8                TM_ILI9341_Rotate
 .text.TM_ILI9341_DrawLine
                0x1a012840      0x174 ./out/lib/drivers_ILI9341_bm.a(tm_stm32f4_ili9341.o)
                0x1a012840                TM_ILI9341_DrawLine
 .text.Chip_SCU_PinMuxSet
                0x1a0129b4       0x30 ./out/lib/drivers_ILI9341_bm.a(spi.o)
 .text.Chip_SSP_Enable
                0x1a0129e4       0x20 ./out/lib/drivers_ILI9341_bm.a(spi.o)
 .text.Chip_SSP_SetFormat
                0x1a012a04       0x30 ./out/lib/drivers_ILI9341_bm.a(spi.o)
 .text.Board_SSP_Init
                0x1a012a34       0x24 ./out/lib/drivers_ILI9341_bm.a(spi.o)
                0x1a012a34                Board_SSP_Init
 .text.Board_SSP_config
                0x1a012a58       0x90 ./out/lib/drivers_ILI9341_bm.a(spi.o)
                0x1a012a58                Board_SSP_config
 .text.write_spi_XXh
                0x1a012ae8       0x28 ./out/lib/drivers_ILI9341_bm.a(spi.o)
                0x1a012ae8                write_spi_XXh
 .text.Chip_GPIO_Init
                0x1a012b10       0x14 ./out/lib/ext_drivers.a(gpio_18xx_43xx.o)
                0x1a012b10                Chip_GPIO_Init
 .text.Chip_GPIO_SetDir
                0x1a012b24       0x5c ./out/lib/ext_drivers.a(gpio_18xx_43xx.o)
                0x1a012b24                Chip_GPIO_SetDir
 .text.Chip_SSP_GetStatus
                0x1a012b80       0x2c ./out/lib/ext_drivers.a(ssp_18xx_43xx.o)
 .text.Chip_SSP_GetRawIntStatus
                0x1a012bac       0x2c ./out/lib/ext_drivers.a(ssp_18xx_43xx.o)
 .text.Chip_SSP_GetDataSize
                0x1a012bd8       0x20 ./out/lib/ext_drivers.a(ssp_18xx_43xx.o)
 .text.Chip_SSP_ClearIntPending
                0x1a012bf8       0x1c ./out/lib/ext_drivers.a(ssp_18xx_43xx.o)
 .text.Chip_SSP_ReceiveFrame
                0x1a012c14       0x1c ./out/lib/ext_drivers.a(ssp_18xx_43xx.o)
 .text.Chip_SSP_SendFrame
                0x1a012c30       0x1c ./out/lib/ext_drivers.a(ssp_18xx_43xx.o)
 .text.Chip_SSP_SetFormat
                0x1a012c4c       0x30 ./out/lib/ext_drivers.a(ssp_18xx_43xx.o)
 .text.Chip_SSP_Set_Mode
                0x1a012c7c       0x24 ./out/lib/ext_drivers.a(ssp_18xx_43xx.o)
 .text.Chip_SSP_GetClockIndex
                0x1a012ca0       0x2c ./out/lib/ext_drivers.a(ssp_18xx_43xx.o)
 .text.Chip_SSP_GetPeriphClockIndex
                0x1a012ccc       0x30 ./out/lib/ext_drivers.a(ssp_18xx_43xx.o)
 .text.Chip_SSP_SetClockRate
                0x1a012cfc       0x34 ./out/lib/ext_drivers.a(ssp_18xx_43xx.o)
                0x1a012cfc                Chip_SSP_SetClockRate
 .text.Chip_SSP_WriteFrames_Blocking
                0x1a012d30      0x138 ./out/lib/ext_drivers.a(ssp_18xx_43xx.o)
                0x1a012d30                Chip_SSP_WriteFrames_Blocking
 .text.Chip_SSP_SetBitRate
                0x1a012e68       0x74 ./out/lib/ext_drivers.a(ssp_18xx_43xx.o)
                0x1a012e68                Chip_SSP_SetBitRate
 .text.Chip_SSP_Init
                0x1a012edc       0x4c ./out/lib/ext_drivers.a(ssp_18xx_43xx.o)
                0x1a012edc                Chip_SSP_Init
 .text.ResetISR
                0x1a012f28       0xe4 ./out/lib/ext_drivers.a(cr_startup_lpc43xx.o)
                0x1a012f28                ResetISR
 .text.ABS      0x1a01300c       0x24 ./out/lib/ext_drivers.a(clock_18xx_43xx.o)
 .text.pll_calc_divs
                0x1a013030      0x11c ./out/lib/ext_drivers.a(clock_18xx_43xx.o)
 .text.pll_get_frac
                0x1a01314c      0x178 ./out/lib/ext_drivers.a(clock_18xx_43xx.o)
 .text.Chip_Clock_GetDivRate
                0x1a0132c4       0x40 ./out/lib/ext_drivers.a(clock_18xx_43xx.o)
 .text.Chip_Clock_FindBaseClock
                0x1a013304       0x88 ./out/lib/ext_drivers.a(clock_18xx_43xx.o)
 .text.Chip_Clock_EnableCrystal
                0x1a01338c       0x6c ./out/lib/ext_drivers.a(clock_18xx_43xx.o)
                0x1a01338c                Chip_Clock_EnableCrystal
 .text.Chip_Clock_CalcMainPLLValue
                0x1a0133f8       0xd4 ./out/lib/ext_drivers.a(clock_18xx_43xx.o)
                0x1a0133f8                Chip_Clock_CalcMainPLLValue
 .text.Chip_Clock_GetMainPLLHz
                0x1a0134cc       0xc0 ./out/lib/ext_drivers.a(clock_18xx_43xx.o)
                0x1a0134cc                Chip_Clock_GetMainPLLHz
 .text.Chip_Clock_GetDividerSource
                0x1a01358c       0x40 ./out/lib/ext_drivers.a(clock_18xx_43xx.o)
                0x1a01358c                Chip_Clock_GetDividerSource
 .text.Chip_Clock_GetDividerDivisor
                0x1a0135cc       0x38 ./out/lib/ext_drivers.a(clock_18xx_43xx.o)
                0x1a0135cc                Chip_Clock_GetDividerDivisor
 .text.Chip_Clock_GetClockInputHz
                0x1a013604      0x140 ./out/lib/ext_drivers.a(clock_18xx_43xx.o)
                0x1a013604                Chip_Clock_GetClockInputHz
 .text.Chip_Clock_GetBaseClocktHz
                0x1a013744       0x24 ./out/lib/ext_drivers.a(clock_18xx_43xx.o)
                0x1a013744                Chip_Clock_GetBaseClocktHz
 .text.Chip_Clock_SetBaseClock
                0x1a013768       0x8c ./out/lib/ext_drivers.a(clock_18xx_43xx.o)
                0x1a013768                Chip_Clock_SetBaseClock
 .text.Chip_Clock_GetBaseClock
                0x1a0137f4       0x4c ./out/lib/ext_drivers.a(clock_18xx_43xx.o)
                0x1a0137f4                Chip_Clock_GetBaseClock
 .text.Chip_Clock_EnableOpts
                0x1a013840       0x7c ./out/lib/ext_drivers.a(clock_18xx_43xx.o)
                0x1a013840                Chip_Clock_EnableOpts
 .text.Chip_Clock_Enable
                0x1a0138bc       0x60 ./out/lib/ext_drivers.a(clock_18xx_43xx.o)
                0x1a0138bc                Chip_Clock_Enable
 .text.Chip_Clock_GetRate
                0x1a01391c       0x88 ./out/lib/ext_drivers.a(clock_18xx_43xx.o)
                0x1a01391c                Chip_Clock_GetRate
 .text.SystemInit
                0x1a0139a4       0x1c ./out/lib/ext_drivers.a(sysinit.o)
                0x1a0139a4                SystemInit
 .text.fpuInit  0x1a0139c0       0x74 ./out/lib/ext_drivers.a(fpu_init.o)
                0x1a0139c0                fpuInit
 .text.Chip_Clock_DisableMainPLL
                0x1a013a34       0x1c ./out/lib/ext_drivers.a(sysinit_18xx_43xx.o)
 .text.Chip_Clock_SetupMainPLL
                0x1a013a50       0x40 ./out/lib/ext_drivers.a(sysinit_18xx_43xx.o)
 .text.Chip_Clock_MainPLLLocked
                0x1a013a90       0x24 ./out/lib/ext_drivers.a(sysinit_18xx_43xx.o)
 .text.Chip_SetupCoreClock
                0x1a013ab4      0x15c ./out/lib/ext_drivers.a(sysinit_18xx_43xx.o)
                0x1a013ab4                Chip_SetupCoreClock
 .text.Chip_SetupIrcClocking
                0x1a013c10       0x14 ./out/lib/ext_drivers.a(sysinit_18xx_43xx.o)
                0x1a013c10                Chip_SetupIrcClocking
 .text.Chip_SystemInit
                0x1a013c24        0xc ./out/lib/ext_drivers.a(sysinit_18xx_43xx.o)
                0x1a013c24                Chip_SystemInit
 .text.Chip_SCU_PinMuxSet
                0x1a013c30       0x30 ./out/lib/drivers_bm.a(uart.o)
 .text.Chip_SCU_PinMux
                0x1a013c60       0x2c ./out/lib/drivers_bm.a(uart.o)
 .text.Chip_UART_TXEnable
                0x1a013c8c       0x18 ./out/lib/drivers_bm.a(uart.o)
 .text.Chip_UART_SetupFIFOS
                0x1a013ca4       0x1c ./out/lib/drivers_bm.a(uart.o)
 .text.init_UART_FTDI_EDUCIAA
                0x1a013cc0       0x44 ./out/lib/drivers_bm.a(uart.o)
                0x1a013cc0                init_UART_FTDI_EDUCIAA
 .text.Chip_UART_TXDisable
                0x1a013d04       0x18 ./out/lib/ext_drivers.a(uart_18xx_43xx.o)
 .text.Chip_UART_SetupFIFOS
                0x1a013d1c       0x1c ./out/lib/ext_drivers.a(uart_18xx_43xx.o)
 .text.Chip_UART_ConfigData
                0x1a013d38       0x1c ./out/lib/ext_drivers.a(uart_18xx_43xx.o)
 .text.Chip_UART_EnableDivisorAccess
                0x1a013d54       0x20 ./out/lib/ext_drivers.a(uart_18xx_43xx.o)
 .text.Chip_UART_DisableDivisorAccess
                0x1a013d74       0x20 ./out/lib/ext_drivers.a(uart_18xx_43xx.o)
 .text.Chip_UART_SetDivisorLatches
                0x1a013d94       0x28 ./out/lib/ext_drivers.a(uart_18xx_43xx.o)
 .text.Chip_UART_GetIndex
                0x1a013dbc       0x60 ./out/lib/ext_drivers.a(uart_18xx_43xx.o)
 .text.Chip_UART_Init
                0x1a013e1c       0x84 ./out/lib/ext_drivers.a(uart_18xx_43xx.o)
                0x1a013e1c                Chip_UART_Init
 .text.Chip_UART_SetBaud
                0x1a013ea0       0x70 ./out/lib/ext_drivers.a(uart_18xx_43xx.o)
                0x1a013ea0                Chip_UART_SetBaud
 .text.memset   0x1a013f10       0x94 c:/ciaa/cygwin/usr/arm-none-eabi/bin/../lib/gcc/arm-none-eabi/4.8.4/../../../../arm-none-eabi/lib/armv7e-m/softfp\libc.a(lib_a-memset.o)
                0x1a013f10                memset
 *(.rodata .rodata.* .constdata .constdata.*)
 .rodata.snafile
                0x1a013fa4     0xc01c ./out/obj/z80.o
 .rodata.spectrum_rom
                0x1a01ffc0     0x4000 ./out/obj/mem.o
 .rodata.periph_to_base
                0x1a023fc0       0x6c ./out/lib/ext_drivers.a(clock_18xx_43xx.o)
 .rodata        0x1a02402c        0xc ./out/lib/ext_drivers.a(clock_18xx_43xx.o)
 .rodata.ExtRateIn
                0x1a024038        0x4 ./out/lib/ext_drivers.a(sysinit.o)
                0x1a024038                ExtRateIn
 .rodata.OscRateIn
                0x1a02403c        0x4 ./out/lib/ext_drivers.a(sysinit.o)
                0x1a02403c                OscRateIn
 .rodata.InitClkStates
                0x1a024040       0x48 ./out/lib/ext_drivers.a(sysinit_18xx_43xx.o)
 .rodata.UART_PClock
                0x1a024088        0x8 ./out/lib/ext_drivers.a(uart_18xx_43xx.o)
 .rodata.UART_BClock
                0x1a024090        0x8 ./out/lib/ext_drivers.a(uart_18xx_43xx.o)
                0x1a024098                . = ALIGN (0x4)

.glue_7         0x1a024098        0x0
 .glue_7        0x00000000        0x0 linker stubs

.glue_7t        0x1a024098        0x0
 .glue_7t       0x00000000        0x0 linker stubs

.vfp11_veneer   0x1a024098        0x0
 .vfp11_veneer  0x00000000        0x0 linker stubs

.v4_bx          0x1a024098        0x0
 .v4_bx         0x00000000        0x0 linker stubs

.iplt           0x1a024098        0x0
 .iplt          0x00000000        0x0 ./out/obj/z80.o

.rel.dyn        0x1a024098        0x0
 .rel.iplt      0x00000000        0x0 ./out/obj/z80.o

.ARM.extab
 *(.ARM.extab* .gnu.linkonce.armextab.*)
                0x1a024098                __exidx_start = .

.ARM.exidx
 *(.ARM.exidx* .gnu.linkonce.armexidx.*)
                0x1a024098                __exidx_end = .
                0x1a024098                _etext = .

.data_RAM2      0x10080000        0x0 load address 0x1a024098
 FILL mask 0xff
 *(.ramfunc.$RAM2)
 *(.ramfunc.$RamLoc40)
 *(.data.$RAM2*)
 *(.data.$RamLoc40*)
                0x10080000                . = ALIGN (0x4)

.data_RAM3      0x20000000        0x0 load address 0x1a024098
 FILL mask 0xff
 *(.ramfunc.$RAM3)
 *(.ramfunc.$RamAHB32)
 *(.data.$RAM3*)
 *(.data.$RamAHB32*)
                0x20000000                . = ALIGN (0x4)

.data_RAM4      0x20008000        0x0 load address 0x1a024098
 FILL mask 0xff
 *(.ramfunc.$RAM4)
 *(.ramfunc.$RamAHB16)
 *(.data.$RAM4*)
 *(.data.$RamAHB16*)
                0x20008000                . = ALIGN (0x4)

.data_RAM5      0x2000c000        0x0 load address 0x1a024098
 FILL mask 0xff
 *(.ramfunc.$RAM5)
 *(.ramfunc.$RamAHB_ETB16)
 *(.data.$RAM5*)
 *(.data.$RamAHB_ETB16*)
                0x2000c000                . = ALIGN (0x4)

.uninit_RESERVED
                0x10000000        0x0
 *(.bss.$RESERVED*)
                0x10000000                . = ALIGN (0x4)
                0x10000000                _end_uninit_RESERVED = .

.data           0x10000000       0xcc load address 0x1a024098
 FILL mask 0xff
                0x10000000                _data = .
 *(vtable)
 *(.ramfunc*)
 *(.data*)
 .data.halfcarry_add_table
                0x10000000        0x8 ./out/obj/z80.o
                0x10000000                halfcarry_add_table
 .data.halfcarry_sub_table
                0x10000008        0x8 ./out/obj/z80.o
                0x10000008                halfcarry_sub_table
 .data.overflow_add_table
                0x10000010        0x8 ./out/obj/z80.o
                0x10000010                overflow_add_table
 .data.overflow_sub_table
                0x10000018        0x8 ./out/obj/z80.o
                0x10000018                overflow_sub_table
 .data.paletaILI
                0x10000020       0x40 ./out/obj/graphics.o
 .data.f_flash.10612
                0x10000060        0x4 ./out/obj/graphics.o
 .data.hwopt    0x10000064       0x5c ./out/obj/main.o
                0x10000064                hwopt
 .data.v_res    0x100000c0        0x4 ./out/obj/main.o
                0x100000c0                v_res
 .data.v_border
                0x100000c4        0x4 ./out/obj/main.o
                0x100000c4                v_border
 .data.f_flash.10647
                0x100000c8        0x4 ./out/obj/main.o
                0x100000cc                . = ALIGN (0x4)
                0x100000cc                _edata = .

.igot.plt       0x100000cc        0x0 load address 0x1a024164
 .igot.plt      0x00000000        0x0 ./out/obj/z80.o

.bss_RAM2       0x10080000        0x0
 *(.bss.$RAM2*)
 *(.bss.$RamLoc40*)
                0x10080000                . = ALIGN (0x4)

.bss_RAM3       0x20000000        0x0
 *(.bss.$RAM3*)
 *(.bss.$RamAHB32*)
                0x20000000                . = ALIGN (0x4)

.bss_RAM4       0x20008000        0x0
 *(.bss.$RAM4*)
 *(.bss.$RamAHB16*)
                0x20008000                . = ALIGN (0x4)

.bss_RAM5       0x2000c000        0x0
 *(.bss.$RAM5*)
 *(.bss.$RamAHB_ETB16*)
                0x2000c000                . = ALIGN (0x4)

.bss            0x100000cc      0xa94
                0x100000cc                _bss = .
 *(.bss*)
 .bss.last_borde
                0x100000cc        0x1 ./out/obj/graphics.o
                0x100000cc                last_borde
 *fill*         0x100000cd        0x3 
 .bss.f_flash2.10613
                0x100000d0        0x4 ./out/obj/graphics.o
 .bss.scanl     0x100000d4        0x4 ./out/obj/main.o
                0x100000d4                scanl
 .bss.skip      0x100000d8        0x4 ./out/obj/main.o
                0x100000d8                skip
 .bss.f_flash2.10648
                0x100000dc        0x4 ./out/obj/main.o
 .bss.audio_usb_pll_freq
                0x100000e0        0x8 ./out/lib/ext_drivers.a(clock_18xx_43xx.o)
 *(COMMON)
 COMMON         0x100000e8      0x480 ./out/obj/z80.o
                0x100000e8                sz53p_table
                0x100001e8                parity_table
                0x100002e8                ioblock_2_table
                0x100003e8                ioblock_inc1_table
                0x10000428                ioblock_dec1_table
                0x10000468                sz53_table
 COMMON         0x10000568      0x468 ./out/obj/v_alleg.o
                0x10000568                colors
                0x10000968                gkey
                0x1000096c                fila
 COMMON         0x100009d0       0x5c ./out/obj/main.o
                0x100009d0                main_tecla
                0x100009d4                hay_tecla
                0x100009d8                frame_counter
                0x100009dc                last_fps
                0x100009e0                target_cycle
                0x100009e4                spectrumZ80
 COMMON         0x10000a2c      0x128 ./out/obj/mem.o
                0x10000a2c                mem
 COMMON         0x10000b54        0xc ./out/lib/drivers_ILI9341_bm.a(tm_stm32f4_ili9341.o)
                0x10000b54                ILI9341_x
                0x10000b58                ILI9341_Opts
                0x10000b5e                ILI9341_y
                0x10000b60                . = ALIGN (0x4)
                0x10000b60                _ebss = .
                0x10000b60                PROVIDE (end, .)

.noinit_RAM2    0x10080000        0x0
 *(.noinit.$RAM2*)
 *(.noinit.$RamLoc40*)
                0x10080000                . = ALIGN (0x4)

.noinit_RAM3    0x20000000        0x0
 *(.noinit.$RAM3*)
 *(.noinit.$RamAHB32*)
                0x20000000                . = ALIGN (0x4)

.noinit_RAM4    0x20008000        0x0
 *(.noinit.$RAM4*)
 *(.noinit.$RamAHB16*)
                0x20008000                . = ALIGN (0x4)

.noinit_RAM5    0x2000c000        0x0
 *(.noinit.$RAM5*)
 *(.noinit.$RamAHB_ETB16*)
                0x2000c000                . = ALIGN (0x4)

.noinit         0x10000b60        0x0
                0x10000b60                _noinit = .
 *(.noinit*)
                0x10000b60                . = ALIGN (0x4)
                0x10000b60                _end_noinit = .
                0x10000b60                PROVIDE (_pvHeapStart, .)
                0x10008000                PROVIDE (_vStackTop, (__top_RamLoc32 - 0x0))
OUTPUT(./out/bin/speecy.axf elf32-littlearm)

.debug_info     0x00000000     0xac4a
 .debug_info    0x00000000      0xe95 ./out/obj/z80.o
 .debug_info    0x00000e95      0x9f6 ./out/obj/v_alleg.o
 .debug_info    0x0000188b     0x10ec ./out/obj/graphics.o
 .debug_info    0x00002977      0x112 ./out/obj/vector.o
 .debug_info    0x00002a89      0x48d ./out/obj/botones.o
 .debug_info    0x00002f16      0xc05 ./out/obj/main.o
 .debug_info    0x00003b1b      0xa02 ./out/obj/mem.o
 .debug_info    0x0000451d       0x3f ./out/obj/crp.o
 .debug_info    0x0000455c     0x116c ./out/lib/drivers_ILI9341_bm.a(tm_stm32f4_ili9341.o)
 .debug_info    0x000056c8      0x500 ./out/lib/drivers_ILI9341_bm.a(spi.o)
 .debug_info    0x00005bc8      0x44c ./out/lib/ext_drivers.a(gpio_18xx_43xx.o)
 .debug_info    0x00006014      0xc25 ./out/lib/ext_drivers.a(ssp_18xx_43xx.o)
 .debug_info    0x00006c39      0x1c3 ./out/lib/ext_drivers.a(cr_startup_lpc43xx.o)
 .debug_info    0x00006dfc     0x158f ./out/lib/ext_drivers.a(clock_18xx_43xx.o)
 .debug_info    0x0000838b      0x5c0 ./out/lib/ext_drivers.a(sysinit.o)
 .debug_info    0x0000894b      0x145 ./out/lib/ext_drivers.a(fpu_init.o)
 .debug_info    0x00008a90      0x902 ./out/lib/ext_drivers.a(sysinit_18xx_43xx.o)
 .debug_info    0x00009392      0x7e0 ./out/lib/drivers_bm.a(uart.o)
 .debug_info    0x00009b72     0x10d8 ./out/lib/ext_drivers.a(uart_18xx_43xx.o)

.debug_abbrev   0x00000000     0x1df1
 .debug_abbrev  0x00000000      0x275 ./out/obj/z80.o
 .debug_abbrev  0x00000275      0x1f4 ./out/obj/v_alleg.o
 .debug_abbrev  0x00000469      0x1fe ./out/obj/graphics.o
 .debug_abbrev  0x00000667       0x72 ./out/obj/vector.o
 .debug_abbrev  0x000006d9      0x168 ./out/obj/botones.o
 .debug_abbrev  0x00000841      0x1b5 ./out/obj/main.o
 .debug_abbrev  0x000009f6      0x1c9 ./out/obj/mem.o
 .debug_abbrev  0x00000bbf       0x36 ./out/obj/crp.o
 .debug_abbrev  0x00000bf5      0x249 ./out/lib/drivers_ILI9341_bm.a(tm_stm32f4_ili9341.o)
 .debug_abbrev  0x00000e3e      0x171 ./out/lib/drivers_ILI9341_bm.a(spi.o)
 .debug_abbrev  0x00000faf      0x111 ./out/lib/ext_drivers.a(gpio_18xx_43xx.o)
 .debug_abbrev  0x000010c0      0x232 ./out/lib/ext_drivers.a(ssp_18xx_43xx.o)
 .debug_abbrev  0x000012f2       0xc0 ./out/lib/ext_drivers.a(cr_startup_lpc43xx.o)
 .debug_abbrev  0x000013b2      0x2c0 ./out/lib/ext_drivers.a(clock_18xx_43xx.o)
 .debug_abbrev  0x00001672       0xc1 ./out/lib/ext_drivers.a(sysinit.o)
 .debug_abbrev  0x00001733       0x84 ./out/lib/ext_drivers.a(fpu_init.o)
 .debug_abbrev  0x000017b7      0x181 ./out/lib/ext_drivers.a(sysinit_18xx_43xx.o)
 .debug_abbrev  0x00001938      0x20d ./out/lib/drivers_bm.a(uart.o)
 .debug_abbrev  0x00001b45      0x2ac ./out/lib/ext_drivers.a(uart_18xx_43xx.o)

.debug_aranges  0x00000000      0x928
 .debug_aranges
                0x00000000       0x78 ./out/obj/z80.o
 .debug_aranges
                0x00000078       0xb8 ./out/obj/v_alleg.o
 .debug_aranges
                0x00000130       0x70 ./out/obj/graphics.o
 .debug_aranges
                0x000001a0       0x68 ./out/obj/vector.o
 .debug_aranges
                0x00000208       0x48 ./out/obj/botones.o
 .debug_aranges
                0x00000250       0x28 ./out/obj/main.o
 .debug_aranges
                0x00000278       0x60 ./out/obj/mem.o
 .debug_aranges
                0x000002d8       0x18 ./out/obj/crp.o
 .debug_aranges
                0x000002f0       0xd8 ./out/lib/drivers_ILI9341_bm.a(tm_stm32f4_ili9341.o)
 .debug_aranges
                0x000003c8       0x48 ./out/lib/drivers_ILI9341_bm.a(spi.o)
 .debug_aranges
                0x00000410       0x68 ./out/lib/ext_drivers.a(gpio_18xx_43xx.o)
 .debug_aranges
                0x00000478       0xe8 ./out/lib/ext_drivers.a(ssp_18xx_43xx.o)
 .debug_aranges
                0x00000560       0x30 ./out/lib/ext_drivers.a(cr_startup_lpc43xx.o)
 .debug_aranges
                0x00000590      0x138 ./out/lib/ext_drivers.a(clock_18xx_43xx.o)
 .debug_aranges
                0x000006c8       0x20 ./out/lib/ext_drivers.a(sysinit.o)
 .debug_aranges
                0x000006e8       0x20 ./out/lib/ext_drivers.a(fpu_init.o)
 .debug_aranges
                0x00000708       0x50 ./out/lib/ext_drivers.a(sysinit_18xx_43xx.o)
 .debug_aranges
                0x00000758       0xb8 ./out/lib/drivers_bm.a(uart.o)
 .debug_aranges
                0x00000810      0x118 ./out/lib/ext_drivers.a(uart_18xx_43xx.o)

.debug_ranges   0x00000000      0x7f0
 .debug_ranges  0x00000000       0x68 ./out/obj/z80.o
 .debug_ranges  0x00000068       0xa8 ./out/obj/v_alleg.o
 .debug_ranges  0x00000110       0x60 ./out/obj/graphics.o
 .debug_ranges  0x00000170       0x58 ./out/obj/vector.o
 .debug_ranges  0x000001c8       0x38 ./out/obj/botones.o
 .debug_ranges  0x00000200       0x18 ./out/obj/main.o
 .debug_ranges  0x00000218       0x50 ./out/obj/mem.o
 .debug_ranges  0x00000268       0xc8 ./out/lib/drivers_ILI9341_bm.a(tm_stm32f4_ili9341.o)
 .debug_ranges  0x00000330       0x38 ./out/lib/drivers_ILI9341_bm.a(spi.o)
 .debug_ranges  0x00000368       0x58 ./out/lib/ext_drivers.a(gpio_18xx_43xx.o)
 .debug_ranges  0x000003c0       0xd8 ./out/lib/ext_drivers.a(ssp_18xx_43xx.o)
 .debug_ranges  0x00000498       0x20 ./out/lib/ext_drivers.a(cr_startup_lpc43xx.o)
 .debug_ranges  0x000004b8      0x128 ./out/lib/ext_drivers.a(clock_18xx_43xx.o)
 .debug_ranges  0x000005e0       0x10 ./out/lib/ext_drivers.a(sysinit.o)
 .debug_ranges  0x000005f0       0x10 ./out/lib/ext_drivers.a(fpu_init.o)
 .debug_ranges  0x00000600       0x40 ./out/lib/ext_drivers.a(sysinit_18xx_43xx.o)
 .debug_ranges  0x00000640       0xa8 ./out/lib/drivers_bm.a(uart.o)
 .debug_ranges  0x000006e8      0x108 ./out/lib/ext_drivers.a(uart_18xx_43xx.o)

.debug_macro    0x00000000     0xa321
 .debug_macro   0x00000000      0x4aa ./out/obj/z80.o
 .debug_macro   0x000004aa      0x868 ./out/obj/z80.o
 .debug_macro   0x00000d12     0x14ce ./out/obj/z80.o
 .debug_macro   0x000021e0       0x58 ./out/obj/z80.o
 .debug_macro   0x00002238       0x16 ./out/obj/z80.o
 .debug_macro   0x0000224e       0x35 ./out/obj/z80.o
 .debug_macro   0x00002283       0xa2 ./out/obj/z80.o
 .debug_macro   0x00002325       0x16 ./out/obj/z80.o
 .debug_macro   0x0000233b       0x97 ./out/obj/z80.o
 .debug_macro   0x000023d2       0x10 ./out/obj/z80.o
 .debug_macro   0x000023e2       0xef ./out/obj/z80.o
 .debug_macro   0x000024d1       0x4a ./out/obj/z80.o
 .debug_macro   0x0000251b       0x52 ./out/obj/z80.o
 .debug_macro   0x0000256d       0x16 ./out/obj/z80.o
 .debug_macro   0x00002583       0x43 ./out/obj/z80.o
 .debug_macro   0x000025c6      0x180 ./out/obj/z80.o
 .debug_macro   0x00002746       0x10 ./out/obj/z80.o
 .debug_macro   0x00002756       0x22 ./out/obj/z80.o
 .debug_macro   0x00002778       0xbd ./out/obj/z80.o
 .debug_macro   0x00002835       0x16 ./out/obj/z80.o
 .debug_macro   0x0000284b      0x16c ./out/obj/z80.o
 .debug_macro   0x000029b7       0x84 ./out/obj/z80.o
 .debug_macro   0x00002a3b       0x10 ./out/obj/z80.o
 .debug_macro   0x00002a4b       0x10 ./out/obj/z80.o
 .debug_macro   0x00002a5b      0x20f ./out/obj/z80.o
 .debug_macro   0x00002c6a       0x22 ./out/obj/z80.o
 .debug_macro   0x00002c8c       0x5f ./out/obj/z80.o
 .debug_macro   0x00002ceb       0x28 ./out/obj/z80.o
 .debug_macro   0x00002d13       0x3b ./out/obj/z80.o
 .debug_macro   0x00002d4e       0x2d ./out/obj/z80.o
 .debug_macro   0x00002d7b       0x42 ./out/obj/z80.o
 .debug_macro   0x00002dbd      0xd39 ./out/obj/z80.o
 .debug_macro   0x00003af6      0x2bc ./out/obj/z80.o
 .debug_macro   0x00003db2      0x112 ./out/obj/z80.o
 .debug_macro   0x00003ec4       0x11 ./out/obj/z80.o
 .debug_macro   0x00003ed5       0x2a ./out/obj/z80.o
 .debug_macro   0x00003eff       0x16 ./out/obj/z80.o
 .debug_macro   0x00003f15      0x2e6 ./out/obj/z80.o
 .debug_macro   0x000041fb       0x82 ./out/obj/z80.o
 .debug_macro   0x0000427d      0x13d ./out/obj/z80.o
 .debug_macro   0x000043ba      0x198 ./out/obj/z80.o
 .debug_macro   0x00004552       0x34 ./out/obj/z80.o
 .debug_macro   0x00004586       0x58 ./out/obj/z80.o
 .debug_macro   0x000045de      0x236 ./out/obj/z80.o
 .debug_macro   0x00004814      0x572 ./out/obj/z80.o
 .debug_macro   0x00004d86       0x16 ./out/obj/z80.o
 .debug_macro   0x00004d9c      0x18a ./out/obj/z80.o
 .debug_macro   0x00004f26       0x88 ./out/obj/z80.o
 .debug_macro   0x00004fae      0x1b9 ./out/obj/z80.o
 .debug_macro   0x00005167      0x1da ./out/obj/z80.o
 .debug_macro   0x00005341       0x40 ./out/obj/z80.o
 .debug_macro   0x00005381       0x1c ./out/obj/z80.o
 .debug_macro   0x0000539d       0x2e ./out/obj/z80.o
 .debug_macro   0x000053cb       0x2e ./out/obj/z80.o
 .debug_macro   0x000053f9       0x22 ./out/obj/z80.o
 .debug_macro   0x0000541b      0x201 ./out/obj/z80.o
 .debug_macro   0x0000561c       0xe0 ./out/obj/z80.o
 .debug_macro   0x000056fc      0x34c ./out/obj/z80.o
 .debug_macro   0x00005a48       0xdc ./out/obj/z80.o
 .debug_macro   0x00005b24       0xc4 ./out/obj/z80.o
 .debug_macro   0x00005be8       0x94 ./out/obj/z80.o
 .debug_macro   0x00005c7c       0xb8 ./out/obj/z80.o
 .debug_macro   0x00005d34       0x4c ./out/obj/z80.o
 .debug_macro   0x00005d80       0x16 ./out/obj/z80.o
 .debug_macro   0x00005d96      0x328 ./out/obj/z80.o
 .debug_macro   0x000060be       0x3a ./out/obj/z80.o
 .debug_macro   0x000060f8       0xd0 ./out/obj/z80.o
 .debug_macro   0x000061c8       0x11 ./out/obj/z80.o
 .debug_macro   0x000061d9       0x22 ./out/obj/z80.o
 .debug_macro   0x000061fb       0x40 ./out/obj/z80.o
 .debug_macro   0x0000623b      0x2a6 ./out/obj/z80.o
 .debug_macro   0x000064e1       0x10 ./out/obj/z80.o
 .debug_macro   0x000064f1       0x35 ./out/obj/z80.o
 .debug_macro   0x00006526       0x1f ./out/obj/z80.o
 .debug_macro   0x00006545       0x7b ./out/obj/z80.o
 .debug_macro   0x000065c0       0x10 ./out/obj/z80.o
 .debug_macro   0x000065d0       0x16 ./out/obj/z80.o
 .debug_macro   0x000065e6       0x34 ./out/obj/z80.o
 .debug_macro   0x0000661a      0x328 ./out/obj/z80.o
 .debug_macro   0x00006942       0x16 ./out/obj/z80.o
 .debug_macro   0x00006958       0x19 ./out/obj/z80.o
 .debug_macro   0x00006971      0x44e ./out/obj/v_alleg.o
 .debug_macro   0x00006dbf      0x1b4 ./out/obj/v_alleg.o
 .debug_macro   0x00006f73       0x22 ./out/obj/v_alleg.o
 .debug_macro   0x00006f95       0xc4 ./out/obj/v_alleg.o
 .debug_macro   0x00007059      0x42e ./out/obj/graphics.o
 .debug_macro   0x00007487       0x1a ./out/obj/vector.o
 .debug_macro   0x000074a1       0x16 ./out/obj/vector.o
 .debug_macro   0x000074b7      0x3c3 ./out/obj/botones.o
 .debug_macro   0x0000787a       0x44 ./out/obj/botones.o
 .debug_macro   0x000078be      0x209 ./out/obj/botones.o
 .debug_macro   0x00007ac7       0x66 ./out/obj/botones.o
 .debug_macro   0x00007b2d       0x18 ./out/obj/botones.o
 .debug_macro   0x00007b45       0x22 ./out/obj/botones.o
 .debug_macro   0x00007b67       0x3a ./out/obj/botones.o
 .debug_macro   0x00007ba1      0x451 ./out/obj/main.o
 .debug_macro   0x00007ff2      0x45f ./out/obj/mem.o
 .debug_macro   0x00008451       0x16 ./out/obj/mem.o
 .debug_macro   0x00008467       0x16 ./out/obj/mem.o
 .debug_macro   0x0000847d       0x29 ./out/obj/mem.o
 .debug_macro   0x000084a6       0x17 ./out/obj/crp.o
 .debug_macro   0x000084bd      0x4ef ./out/lib/drivers_ILI9341_bm.a(tm_stm32f4_ili9341.o)
 .debug_macro   0x000089ac      0x166 ./out/lib/drivers_ILI9341_bm.a(tm_stm32f4_ili9341.o)
 .debug_macro   0x00008b12      0x2f7 ./out/lib/drivers_ILI9341_bm.a(spi.o)
 .debug_macro   0x00008e09      0x2e0 ./out/lib/ext_drivers.a(gpio_18xx_43xx.o)
 .debug_macro   0x000090e9      0x2e0 ./out/lib/ext_drivers.a(ssp_18xx_43xx.o)
 .debug_macro   0x000093c9       0x23 ./out/lib/ext_drivers.a(cr_startup_lpc43xx.o)
 .debug_macro   0x000093ec      0x2e6 ./out/lib/ext_drivers.a(clock_18xx_43xx.o)
 .debug_macro   0x000096d2      0x2e0 ./out/lib/ext_drivers.a(sysinit.o)
 .debug_macro   0x000099b2       0xc6 ./out/lib/ext_drivers.a(fpu_init.o)
 .debug_macro   0x00009a78      0x2e0 ./out/lib/ext_drivers.a(sysinit_18xx_43xx.o)
 .debug_macro   0x00009d58      0x2e9 ./out/lib/drivers_bm.a(uart.o)
 .debug_macro   0x0000a041      0x2e0 ./out/lib/ext_drivers.a(uart_18xx_43xx.o)

.debug_line     0x00000000     0xb36f
 .debug_line    0x00000000     0x3251 ./out/obj/z80.o
 .debug_line    0x00003251      0x9d9 ./out/obj/v_alleg.o
 .debug_line    0x00003c2a      0xb93 ./out/obj/graphics.o
 .debug_line    0x000047bd       0xa4 ./out/obj/vector.o
 .debug_line    0x00004861      0x7d1 ./out/obj/botones.o
 .debug_line    0x00005032      0x8ac ./out/obj/main.o
 .debug_line    0x000058de      0x980 ./out/obj/mem.o
 .debug_line    0x0000625e       0x4a ./out/obj/crp.o
 .debug_line    0x000062a8      0xb33 ./out/lib/drivers_ILI9341_bm.a(tm_stm32f4_ili9341.o)
 .debug_line    0x00006ddb      0x6f6 ./out/lib/drivers_ILI9341_bm.a(spi.o)
 .debug_line    0x000074d1      0x70e ./out/lib/ext_drivers.a(gpio_18xx_43xx.o)
 .debug_line    0x00007bdf      0x9f2 ./out/lib/ext_drivers.a(ssp_18xx_43xx.o)
 .debug_line    0x000085d1       0xe9 ./out/lib/ext_drivers.a(cr_startup_lpc43xx.o)
 .debug_line    0x000086ba      0xaaf ./out/lib/ext_drivers.a(clock_18xx_43xx.o)
 .debug_line    0x00009169      0x655 ./out/lib/ext_drivers.a(sysinit.o)
 .debug_line    0x000097be      0x26d ./out/lib/ext_drivers.a(fpu_init.o)
 .debug_line    0x00009a2b      0x72f ./out/lib/ext_drivers.a(sysinit_18xx_43xx.o)
 .debug_line    0x0000a15a      0x87d ./out/lib/drivers_bm.a(uart.o)
 .debug_line    0x0000a9d7      0x998 ./out/lib/ext_drivers.a(uart_18xx_43xx.o)

.debug_str      0x00000000    0x1f749
 .debug_str     0x00000000    0x1c53b ./out/obj/z80.o
                              0x1c7c8 (size before relaxing)
 .debug_str     0x0001c53b      0x816 ./out/obj/v_alleg.o
                              0x18984 (size before relaxing)
 .debug_str     0x0001cd51      0x220 ./out/obj/graphics.o
                              0x185b0 (size before relaxing)
 .debug_str     0x0001cf71       0xe7 ./out/obj/vector.o
                               0x2500 (size before relaxing)
 .debug_str     0x0001d058      0x1cf ./out/obj/botones.o
                              0x167a1 (size before relaxing)
 .debug_str     0x0001d227      0x141 ./out/obj/main.o
                              0x187e9 (size before relaxing)
 .debug_str     0x0001d368      0x1a8 ./out/obj/mem.o
                              0x184b9 (size before relaxing)
 .debug_str     0x0001d510       0x49 ./out/obj/crp.o
                               0x2466 (size before relaxing)
 .debug_str     0x0001d559      0x950 ./out/lib/drivers_ILI9341_bm.a(tm_stm32f4_ili9341.o)
                              0x17ed6 (size before relaxing)
 .debug_str     0x0001dea9      0x1a9 ./out/lib/drivers_ILI9341_bm.a(spi.o)
                              0x1461b (size before relaxing)
 .debug_str     0x0001e052      0x12e ./out/lib/ext_drivers.a(gpio_18xx_43xx.o)
                              0x14433 (size before relaxing)
 .debug_str     0x0001e180      0x483 ./out/lib/ext_drivers.a(ssp_18xx_43xx.o)
                              0x14d4e (size before relaxing)
 .debug_str     0x0001e603      0x166 ./out/lib/ext_drivers.a(cr_startup_lpc43xx.o)
                               0x259b (size before relaxing)
 .debug_str     0x0001e769      0x827 ./out/lib/ext_drivers.a(clock_18xx_43xx.o)
                              0x155b4 (size before relaxing)
 .debug_str     0x0001ef90       0x31 ./out/lib/ext_drivers.a(sysinit.o)
                              0x14d30 (size before relaxing)
 .debug_str     0x0001efc1       0xd5 ./out/lib/ext_drivers.a(fpu_init.o)
                               0x8bc6 (size before relaxing)
 .debug_str     0x0001f096      0x107 ./out/lib/ext_drivers.a(sysinit_18xx_43xx.o)
                              0x14ff6 (size before relaxing)
 .debug_str     0x0001f19d      0x248 ./out/lib/drivers_bm.a(uart.o)
                              0x1463f (size before relaxing)
 .debug_str     0x0001f3e5      0x364 ./out/lib/ext_drivers.a(uart_18xx_43xx.o)
                              0x1516f (size before relaxing)

.comment        0x00000000       0x70
 .comment       0x00000000       0x70 ./out/obj/z80.o
                                 0x71 (size before relaxing)
 .comment       0x00000000       0x71 ./out/obj/v_alleg.o
 .comment       0x00000000       0x71 ./out/obj/graphics.o
 .comment       0x00000000       0x71 ./out/obj/vector.o
 .comment       0x00000000       0x71 ./out/obj/botones.o
 .comment       0x00000000       0x71 ./out/obj/main.o
 .comment       0x00000000       0x71 ./out/obj/mem.o
 .comment       0x00000000       0x71 ./out/obj/crp.o
 .comment       0x00000000       0x71 ./out/lib/drivers_ILI9341_bm.a(tm_stm32f4_ili9341.o)
 .comment       0x00000000       0x71 ./out/lib/drivers_ILI9341_bm.a(spi.o)
 .comment       0x00000000       0x71 ./out/lib/ext_drivers.a(gpio_18xx_43xx.o)
 .comment       0x00000000       0x71 ./out/lib/ext_drivers.a(ssp_18xx_43xx.o)
 .comment       0x00000000       0x71 ./out/lib/ext_drivers.a(cr_startup_lpc43xx.o)
 .comment       0x00000000       0x71 ./out/lib/ext_drivers.a(clock_18xx_43xx.o)
 .comment       0x00000000       0x71 ./out/lib/ext_drivers.a(sysinit.o)
 .comment       0x00000000       0x71 ./out/lib/ext_drivers.a(fpu_init.o)
 .comment       0x00000000       0x71 ./out/lib/ext_drivers.a(sysinit_18xx_43xx.o)
 .comment       0x00000000       0x71 ./out/lib/drivers_bm.a(uart.o)
 .comment       0x00000000       0x71 ./out/lib/ext_drivers.a(uart_18xx_43xx.o)

.ARM.attributes
                0x00000000       0x35
 .ARM.attributes
                0x00000000       0x37 ./out/obj/z80.o
 .ARM.attributes
                0x00000037       0x37 ./out/obj/v_alleg.o
 .ARM.attributes
                0x0000006e       0x37 ./out/obj/graphics.o
 .ARM.attributes
                0x000000a5       0x37 ./out/obj/vector.o
 .ARM.attributes
                0x000000dc       0x37 ./out/obj/botones.o
 .ARM.attributes
                0x00000113       0x37 ./out/obj/main.o
 .ARM.attributes
                0x0000014a       0x37 ./out/obj/mem.o
 .ARM.attributes
                0x00000181       0x37 ./out/obj/crp.o
 .ARM.attributes
                0x000001b8       0x37 ./out/lib/drivers_ILI9341_bm.a(tm_stm32f4_ili9341.o)
 .ARM.attributes
                0x000001ef       0x37 ./out/lib/drivers_ILI9341_bm.a(spi.o)
 .ARM.attributes
                0x00000226       0x37 ./out/lib/ext_drivers.a(gpio_18xx_43xx.o)
 .ARM.attributes
                0x0000025d       0x37 ./out/lib/ext_drivers.a(ssp_18xx_43xx.o)
 .ARM.attributes
                0x00000294       0x37 ./out/lib/ext_drivers.a(cr_startup_lpc43xx.o)
 .ARM.attributes
                0x000002cb       0x37 ./out/lib/ext_drivers.a(clock_18xx_43xx.o)
 .ARM.attributes
                0x00000302       0x37 ./out/lib/ext_drivers.a(sysinit.o)
 .ARM.attributes
                0x00000339       0x37 ./out/lib/ext_drivers.a(fpu_init.o)
 .ARM.attributes
                0x00000370       0x37 ./out/lib/ext_drivers.a(sysinit_18xx_43xx.o)
 .ARM.attributes
                0x000003a7       0x37 ./out/lib/drivers_bm.a(uart.o)
 .ARM.attributes
                0x000003de       0x37 ./out/lib/ext_drivers.a(uart_18xx_43xx.o)
 .ARM.attributes
                0x00000415       0x32 c:/ciaa/cygwin/usr/arm-none-eabi/bin/../lib/gcc/arm-none-eabi/4.8.4/../../../../arm-none-eabi/lib/armv7e-m/softfp\libc.a(lib_a-memset.o)

.debug_frame    0x00000000     0x1c18
 .debug_frame   0x00000000      0x170 ./out/obj/z80.o
 .debug_frame   0x00000170      0x220 ./out/obj/v_alleg.o
 .debug_frame   0x00000390      0x170 ./out/obj/graphics.o
 .debug_frame   0x00000500      0x100 ./out/obj/vector.o
 .debug_frame   0x00000600       0xc4 ./out/obj/botones.o
 .debug_frame   0x000006c4       0x4c ./out/obj/main.o
 .debug_frame   0x00000710      0x104 ./out/obj/mem.o
 .debug_frame   0x00000814      0x2ec ./out/lib/drivers_ILI9341_bm.a(tm_stm32f4_ili9341.o)
 .debug_frame   0x00000b00       0xc0 ./out/lib/drivers_ILI9341_bm.a(spi.o)
 .debug_frame   0x00000bc0      0x130 ./out/lib/ext_drivers.a(gpio_18xx_43xx.o)
 .debug_frame   0x00000cf0      0x320 ./out/lib/ext_drivers.a(ssp_18xx_43xx.o)
 .debug_frame   0x00001010       0x68 ./out/lib/ext_drivers.a(cr_startup_lpc43xx.o)
 .debug_frame   0x00001078      0x41c ./out/lib/ext_drivers.a(clock_18xx_43xx.o)
 .debug_frame   0x00001494       0x30 ./out/lib/ext_drivers.a(sysinit.o)
 .debug_frame   0x000014c4       0x2c ./out/lib/ext_drivers.a(fpu_init.o)
 .debug_frame   0x000014f0       0xd0 ./out/lib/ext_drivers.a(sysinit_18xx_43xx.o)
 .debug_frame   0x000015c0      0x258 ./out/lib/drivers_bm.a(uart.o)
 .debug_frame   0x00001818      0x3d4 ./out/lib/ext_drivers.a(uart_18xx_43xx.o)
 .debug_frame   0x00001bec       0x2c c:/ciaa/cygwin/usr/arm-none-eabi/bin/../lib/gcc/arm-none-eabi/4.8.4/../../../../arm-none-eabi/lib/armv7e-m/softfp\libc.a(lib_a-memset.o)
